{
  "wrappedSnapshot" : {
    "$metadatas$" : {
      "$iAmPlayerMetadatas$" : true,
      "$id$" : 1,
      "$signature$" : "eyJjbGF6ek5hbWUiOiJvcmcuanNvbnBsYXliYWNrLnBsYXllci5oaWJlcm5hdGUuZW50aXRpZXMuTWFzdGVyQUVudCIsInJhd0tleVZhbHVlcyI6WyIxIl0sInJhd0tleVR5cGVOYW1lcyI6WyJqYXZhLmxhbmcuSW50ZWdlciJdfQ",
      "$playerObjectId$" : 1
    },
    "id" : 1,
    "vcharA" : "MasterAEnt_REG01_REG01_VcharA",
    "vcharB" : "MasterAEnt_REG01_REG01_VcharB",
    "dateA" : 1546300800000,
    "datetimeA" : 1546304461000,
    "blobA" : "TWFzdGVyQUVudF9SRUcwMV9CbG9iQQ==",
    "blobB" : "TWFzdGVyQUVudF9SRUcwMV9CbG9iQg==",
    "hbVersion" : 0,
    "detailAEntCol" : [ {
      "$metadatas$" : {
        "$iAmPlayerMetadatas$" : true,
        "$id$" : 2,
        "$signature$" : "eyJjbGF6ek5hbWUiOiJvcmcuanNvbnBsYXliYWNrLnBsYXllci5oaWJlcm5hdGUuZW50aXRpZXMuRGV0YWlsQUVudCIsInJhd0tleVZhbHVlcyI6WyIxIiwiMCJdLCJyYXdLZXlUeXBlTmFtZXMiOlsiamF2YS5sYW5nLkludGVnZXIiLCJqYXZhLmxhbmcuSW50ZWdlciJdfQ",
        "$isAssociative$" : true,
        "$playerObjectId$" : {
          "$metadatas$" : {
            "$iAmPlayerMetadatas$" : true,
            "$id$" : 3,
            "$isComponent$" : true,
            "$isComponentPlayerObjectId$" : true
          },
          "masterA" : {
            "$metadatas$" : {
              "$iAmPlayerMetadatas$" : true,
              "$idRef$" : 1
            }
          },
          "subId" : 0
        }
      },
      "compId" : {
        "$metadatas$" : {
          "$iAmPlayerMetadatas$" : true,
          "$idRef$" : 3
        }
      },
      "hbVersion" : 2,
      "detailAComp" : {
        "$metadatas$" : {
          "$iAmPlayerMetadatas$" : true,
          "$id$" : 4,
          "$signature$" : "eyJjbGF6ek5hbWUiOiJvcmcuanNvbnBsYXliYWNrLnBsYXllci5oaWJlcm5hdGUuZW50aXRpZXMuRGV0YWlsQUVudCIsImlzQ29tcCI6dHJ1ZSwicHJvcGVydHlOYW1lIjoiZGV0YWlsQUNvbXAiLCJyYXdLZXlWYWx1ZXMiOlsiMSIsIjAiXSwicmF3S2V5VHlwZU5hbWVzIjpbImphdmEubGFuZy5JbnRlZ2VyIiwiamF2YS5sYW5nLkludGVnZXIiXX0",
          "$isComponent$" : true
        },
        "detailACompComp" : {
          "$metadatas$" : {
            "$iAmPlayerMetadatas$" : true,
            "$id$" : 5,
            "$signature$" : "eyJjbGF6ek5hbWUiOiJvcmcuanNvbnBsYXliYWNrLnBsYXllci5oaWJlcm5hdGUuZW50aXRpZXMuRGV0YWlsQUVudCIsImlzQ29tcCI6dHJ1ZSwicHJvcGVydHlOYW1lIjoiZGV0YWlsQUNvbXAuZGV0YWlsQUNvbXBDb21wIiwicmF3S2V5VmFsdWVzIjpbIjEiLCIwIl0sInJhd0tleVR5cGVOYW1lcyI6WyJqYXZhLmxhbmcuSW50ZWdlciIsImphdmEubGFuZy5JbnRlZ2VyIl19",
            "$isComponent$" : true
          },
          "masterB" : {
            "$metadatas$" : {
              "$iAmPlayerMetadatas$" : true,
              "$id$" : 6,
              "$signature$" : "eyJjbGF6ek5hbWUiOiJvcmcuanNvbnBsYXliYWNrLnBsYXllci5oaWJlcm5hdGUuZW50aXRpZXMuTWFzdGVyQkVudCIsInJhd0tleVZhbHVlcyI6WyIxIiwiMSJdLCJyYXdLZXlUeXBlTmFtZXMiOlsiamF2YS5sYW5nLkludGVnZXIiLCJqYXZhLmxhbmcuSW50ZWdlciJdfQ",
              "$isLazyUninitialized$" : true,
              "$isAssociative$" : true,
              "$playerObjectId$" : {
                "$metadatas$" : {
                  "$iAmPlayerMetadatas$" : true,
                  "$id$" : 7,
                  "$isComponent$" : true,
                  "$isComponentPlayerObjectId$" : true
                },
                "idA" : 1,
                "idB" : 1
              }
            }
          }
        },
        "vcharA" : "DetailAEnt_REG01_REG01_VcharA",
        "vcharB" : "DetailAEnt_REG01_REG01_VcharB",
        "blobA" : "RGV0YWlsQUVudF9SRUcwMV9CbG9iQQ==",
        "blobB" : "RGV0YWlsQUVudF9SRUcwMV9CbG9iQg=="
      }
    }, {
      "$metadatas$" : {
        "$iAmPlayerMetadatas$" : true,
        "$id$" : 8,
        "$signature$" : "eyJjbGF6ek5hbWUiOiJvcmcuanNvbnBsYXliYWNrLnBsYXllci5oaWJlcm5hdGUuZW50aXRpZXMuRGV0YWlsQUVudCIsInJhd0tleVZhbHVlcyI6WyIxIiwiMSJdLCJyYXdLZXlUeXBlTmFtZXMiOlsiamF2YS5sYW5nLkludGVnZXIiLCJqYXZhLmxhbmcuSW50ZWdlciJdfQ",
        "$isAssociative$" : true,
        "$playerObjectId$" : {
          "$metadatas$" : {
            "$iAmPlayerMetadatas$" : true,
            "$id$" : 9,
            "$isComponent$" : true,
            "$isComponentPlayerObjectId$" : true
          },
          "masterA" : {
            "$metadatas$" : {
              "$iAmPlayerMetadatas$" : true,
              "$idRef$" : 1
            }
          },
          "subId" : 1
        }
      },
      "compId" : {
        "$metadatas$" : {
          "$iAmPlayerMetadatas$" : true,
          "$idRef$" : 9
        }
      },
      "hbVersion" : 1,
      "detailAComp" : {
        "$metadatas$" : {
          "$iAmPlayerMetadatas$" : true,
          "$id$" : 10,
          "$signature$" : "eyJjbGF6ek5hbWUiOiJvcmcuanNvbnBsYXliYWNrLnBsYXllci5oaWJlcm5hdGUuZW50aXRpZXMuRGV0YWlsQUVudCIsImlzQ29tcCI6dHJ1ZSwicHJvcGVydHlOYW1lIjoiZGV0YWlsQUNvbXAiLCJyYXdLZXlWYWx1ZXMiOlsiMSIsIjEiXSwicmF3S2V5VHlwZU5hbWVzIjpbImphdmEubGFuZy5JbnRlZ2VyIiwiamF2YS5sYW5nLkludGVnZXIiXX0",
          "$isComponent$" : true
        },
        "masterB" : {
          "$metadatas$" : {
            "$iAmPlayerMetadatas$" : true,
            "$idRef$" : 6
          }
        },
        "detailACompComp" : {
          "$metadatas$" : {
            "$iAmPlayerMetadatas$" : true,
            "$id$" : 11,
            "$signature$" : "eyJjbGF6ek5hbWUiOiJvcmcuanNvbnBsYXliYWNrLnBsYXllci5oaWJlcm5hdGUuZW50aXRpZXMuRGV0YWlsQUVudCIsImlzQ29tcCI6dHJ1ZSwicHJvcGVydHlOYW1lIjoiZGV0YWlsQUNvbXAuZGV0YWlsQUNvbXBDb21wIiwicmF3S2V5VmFsdWVzIjpbIjEiLCIxIl0sInJhd0tleVR5cGVOYW1lcyI6WyJqYXZhLmxhbmcuSW50ZWdlciIsImphdmEubGFuZy5JbnRlZ2VyIl19",
            "$isComponent$" : true
          },
          "masterB" : {
            "$metadatas$" : {
              "$iAmPlayerMetadatas$" : true,
              "$idRef$" : 6
            }
          }
        },
        "vcharA" : "DetailAEnt_REG04_REG01_VcharA",
        "vcharB" : "DetailAEnt_REG04_REG01_VcharB",
        "blobA" : "RGV0YWlsQUVudF9SRUcwNF9CbG9iQQ==",
        "blobB" : "RGV0YWlsQUVudF9SRUcwNF9CbG9iQg=="
      }
    }, {
      "$metadatas$" : {
        "$iAmPlayerMetadatas$" : true,
        "$id$" : 12,
        "$signature$" : "eyJjbGF6ek5hbWUiOiJvcmcuanNvbnBsYXliYWNrLnBsYXllci5oaWJlcm5hdGUuZW50aXRpZXMuRGV0YWlsQUVudCIsInJhd0tleVZhbHVlcyI6WyIxIiwiMiJdLCJyYXdLZXlUeXBlTmFtZXMiOlsiamF2YS5sYW5nLkludGVnZXIiLCJqYXZhLmxhbmcuSW50ZWdlciJdfQ",
        "$isAssociative$" : true,
        "$playerObjectId$" : {
          "$metadatas$" : {
            "$iAmPlayerMetadatas$" : true,
            "$id$" : 13,
            "$isComponent$" : true,
            "$isComponentPlayerObjectId$" : true
          },
          "masterA" : {
            "$metadatas$" : {
              "$iAmPlayerMetadatas$" : true,
              "$idRef$" : 1
            }
          },
          "subId" : 2
        }
      },
      "compId" : {
        "$metadatas$" : {
          "$iAmPlayerMetadatas$" : true,
          "$idRef$" : 13
        }
      },
      "hbVersion" : 1,
      "detailAComp" : {
        "$metadatas$" : {
          "$iAmPlayerMetadatas$" : true,
          "$id$" : 14,
          "$signature$" : "eyJjbGF6ek5hbWUiOiJvcmcuanNvbnBsYXliYWNrLnBsYXllci5oaWJlcm5hdGUuZW50aXRpZXMuRGV0YWlsQUVudCIsImlzQ29tcCI6dHJ1ZSwicHJvcGVydHlOYW1lIjoiZGV0YWlsQUNvbXAiLCJyYXdLZXlWYWx1ZXMiOlsiMSIsIjIiXSwicmF3S2V5VHlwZU5hbWVzIjpbImphdmEubGFuZy5JbnRlZ2VyIiwiamF2YS5sYW5nLkludGVnZXIiXX0",
          "$isComponent$" : true
        },
        "masterB" : {
          "$metadatas$" : {
            "$iAmPlayerMetadatas$" : true,
            "$idRef$" : 6
          }
        },
        "detailACompComp" : {
          "$metadatas$" : {
            "$iAmPlayerMetadatas$" : true,
            "$id$" : 15,
            "$signature$" : "eyJjbGF6ek5hbWUiOiJvcmcuanNvbnBsYXliYWNrLnBsYXllci5oaWJlcm5hdGUuZW50aXRpZXMuRGV0YWlsQUVudCIsImlzQ29tcCI6dHJ1ZSwicHJvcGVydHlOYW1lIjoiZGV0YWlsQUNvbXAuZGV0YWlsQUNvbXBDb21wIiwicmF3S2V5VmFsdWVzIjpbIjEiLCIyIl0sInJhd0tleVR5cGVOYW1lcyI6WyJqYXZhLmxhbmcuSW50ZWdlciIsImphdmEubGFuZy5JbnRlZ2VyIl19",
            "$isComponent$" : true
          },
          "masterB" : {
            "$metadatas$" : {
              "$iAmPlayerMetadatas$" : true,
              "$idRef$" : 6
            }
          }
        },
        "vcharA" : "DetailAEnt_REG07_REG01_VcharA",
        "vcharB" : "DetailAEnt_REG07_REG01_VcharB",
        "blobA" : "RGV0YWlsQUVudF9SRUcwN19CbG9iQQ==",
        "blobB" : "RGV0YWlsQUVudF9SRUcwN19CbG9iQg=="
      }
    } ],
    "blobLazyA" : "TWFzdGVyQUVudF9SRUcwMV9CbG9iTGF6eUE=",
    "blobLazyB" : "TWFzdGVyQUVudF9SRUcwMV9CbG9iTGF6eUI=",
    "clobLazyA" : "MasterAEnt_REG01_ClobLazyB",
    "clobLazyB" : "MasterAEnt_REG01_ClobLazyB"
  }
}