{
  "wrappedSnapshot" : [ {
    "$metadatas$" : {
      "$iAmPlayerMetadatas$" : true,
      "$id$" : 1,
      "$signature$" : "eyJjbGF6ek5hbWUiOiJvcmcuanNvbnBsYXliYWNrLnBsYXllci5oaWJlcm5hdGUuZW50aXRpZXMuRGV0YWlsQUVudCIsImlzQ29tcCI6dHJ1ZSwicHJvcGVydHlOYW1lIjoiZGV0YWlsQUNvbXAuZGV0YWlsQUNvbXBDb21wIiwic3RyaW5naWZpZWRPYmplY3RJZCI6IntcInJhd0tleVZhbHVlc1wiOltudWxsLG51bGxdLFwicmF3S2V5VHlwZU5hbWVzXCI6W251bGwsbnVsbF19In0",
      "$isComponent$" : true
    },
    "masterB" : {
      "$metadatas$" : {
        "$iAmPlayerMetadatas$" : true,
        "$id$" : 2,
        "$signature$" : "eyJjbGF6ek5hbWUiOiJvcmcuanNvbnBsYXliYWNrLnBsYXllci5oaWJlcm5hdGUuZW50aXRpZXMuTWFzdGVyQkVudCIsInN0cmluZ2lmaWVkT2JqZWN0SWQiOiJ7XCJyYXdLZXlWYWx1ZXNcIjpbXCIwXCIsXCIwXCJdLFwicmF3S2V5VHlwZU5hbWVzXCI6W1wiamF2YS5sYW5nLkludGVnZXJcIixcImphdmEubGFuZy5JbnRlZ2VyXCJdfSJ9",
        "$isLazyUninitialized$" : true,
        "$isAssociative$" : true,
        "$playerObjectId$" : {
          "$metadatas$" : {
            "$iAmPlayerMetadatas$" : true,
            "$id$" : 3,
            "$isComponent$" : true,
            "$isComponentPlayerObjectId$" : true
          },
          "idA" : 0,
          "idB" : 0
        }
      }
    }
  }, {
    "$metadatas$" : {
      "$iAmPlayerMetadatas$" : true,
      "$id$" : 4,
      "$signature$" : "eyJjbGF6ek5hbWUiOiJvcmcuanNvbnBsYXliYWNrLnBsYXllci5oaWJlcm5hdGUuZW50aXRpZXMuRGV0YWlsQUVudCIsImlzQ29tcCI6dHJ1ZSwicHJvcGVydHlOYW1lIjoiZGV0YWlsQUNvbXAuZGV0YWlsQUNvbXBDb21wIiwic3RyaW5naWZpZWRPYmplY3RJZCI6IntcInJhd0tleVZhbHVlc1wiOltudWxsLG51bGxdLFwicmF3S2V5VHlwZU5hbWVzXCI6W251bGwsbnVsbF19In0",
      "$isComponent$" : true
    },
    "masterB" : {
      "$metadatas$" : {
        "$iAmPlayerMetadatas$" : true,
        "$idRef$" : 2
      }
    }
  }, {
    "$metadatas$" : {
      "$iAmPlayerMetadatas$" : true,
      "$id$" : 5,
      "$signature$" : "eyJjbGF6ek5hbWUiOiJvcmcuanNvbnBsYXliYWNrLnBsYXllci5oaWJlcm5hdGUuZW50aXRpZXMuRGV0YWlsQUVudCIsImlzQ29tcCI6dHJ1ZSwicHJvcGVydHlOYW1lIjoiZGV0YWlsQUNvbXAuZGV0YWlsQUNvbXBDb21wIiwic3RyaW5naWZpZWRPYmplY3RJZCI6IntcInJhd0tleVZhbHVlc1wiOltudWxsLG51bGxdLFwicmF3S2V5VHlwZU5hbWVzXCI6W251bGwsbnVsbF19In0",
      "$isComponent$" : true
    },
    "masterB" : {
      "$metadatas$" : {
        "$iAmPlayerMetadatas$" : true,
        "$idRef$" : 2
      }
    }
  }, {
    "$metadatas$" : {
      "$iAmPlayerMetadatas$" : true,
      "$id$" : 6,
      "$signature$" : "eyJjbGF6ek5hbWUiOiJvcmcuanNvbnBsYXliYWNrLnBsYXllci5oaWJlcm5hdGUuZW50aXRpZXMuRGV0YWlsQUVudCIsImlzQ29tcCI6dHJ1ZSwicHJvcGVydHlOYW1lIjoiZGV0YWlsQUNvbXAuZGV0YWlsQUNvbXBDb21wIiwic3RyaW5naWZpZWRPYmplY3RJZCI6IntcInJhd0tleVZhbHVlc1wiOltudWxsLG51bGxdLFwicmF3S2V5VHlwZU5hbWVzXCI6W251bGwsbnVsbF19In0",
      "$isComponent$" : true
    },
    "masterB" : {
      "$metadatas$" : {
        "$iAmPlayerMetadatas$" : true,
        "$idRef$" : 2
      }
    }
  }, {
    "$metadatas$" : {
      "$iAmPlayerMetadatas$" : true,
      "$id$" : 7,
      "$signature$" : "eyJjbGF6ek5hbWUiOiJvcmcuanNvbnBsYXliYWNrLnBsYXllci5oaWJlcm5hdGUuZW50aXRpZXMuRGV0YWlsQUVudCIsImlzQ29tcCI6dHJ1ZSwicHJvcGVydHlOYW1lIjoiZGV0YWlsQUNvbXAuZGV0YWlsQUNvbXBDb21wIiwic3RyaW5naWZpZWRPYmplY3RJZCI6IntcInJhd0tleVZhbHVlc1wiOltudWxsLG51bGxdLFwicmF3S2V5VHlwZU5hbWVzXCI6W251bGwsbnVsbF19In0",
      "$isComponent$" : true
    },
    "masterB" : {
      "$metadatas$" : {
        "$iAmPlayerMetadatas$" : true,
        "$id$" : 8,
        "$signature$" : "eyJjbGF6ek5hbWUiOiJvcmcuanNvbnBsYXliYWNrLnBsYXllci5oaWJlcm5hdGUuZW50aXRpZXMuTWFzdGVyQkVudCIsInN0cmluZ2lmaWVkT2JqZWN0SWQiOiJ7XCJyYXdLZXlWYWx1ZXNcIjpbXCIxXCIsXCIxXCJdLFwicmF3S2V5VHlwZU5hbWVzXCI6W1wiamF2YS5sYW5nLkludGVnZXJcIixcImphdmEubGFuZy5JbnRlZ2VyXCJdfSJ9",
        "$isLazyUninitialized$" : true,
        "$isAssociative$" : true,
        "$playerObjectId$" : {
          "$metadatas$" : {
            "$iAmPlayerMetadatas$" : true,
            "$id$" : 9,
            "$isComponent$" : true,
            "$isComponentPlayerObjectId$" : true
          },
          "idA" : 1,
          "idB" : 1
        }
      }
    }
  }, {
    "$metadatas$" : {
      "$iAmPlayerMetadatas$" : true,
      "$id$" : 10,
      "$signature$" : "eyJjbGF6ek5hbWUiOiJvcmcuanNvbnBsYXliYWNrLnBsYXllci5oaWJlcm5hdGUuZW50aXRpZXMuRGV0YWlsQUVudCIsImlzQ29tcCI6dHJ1ZSwicHJvcGVydHlOYW1lIjoiZGV0YWlsQUNvbXAuZGV0YWlsQUNvbXBDb21wIiwic3RyaW5naWZpZWRPYmplY3RJZCI6IntcInJhd0tleVZhbHVlc1wiOltudWxsLG51bGxdLFwicmF3S2V5VHlwZU5hbWVzXCI6W251bGwsbnVsbF19In0",
      "$isComponent$" : true
    },
    "masterB" : {
      "$metadatas$" : {
        "$iAmPlayerMetadatas$" : true,
        "$idRef$" : 8
      }
    }
  }, {
    "$metadatas$" : {
      "$iAmPlayerMetadatas$" : true,
      "$id$" : 11,
      "$signature$" : "eyJjbGF6ek5hbWUiOiJvcmcuanNvbnBsYXliYWNrLnBsYXllci5oaWJlcm5hdGUuZW50aXRpZXMuRGV0YWlsQUVudCIsImlzQ29tcCI6dHJ1ZSwicHJvcGVydHlOYW1lIjoiZGV0YWlsQUNvbXAuZGV0YWlsQUNvbXBDb21wIiwic3RyaW5naWZpZWRPYmplY3RJZCI6IntcInJhd0tleVZhbHVlc1wiOltudWxsLG51bGxdLFwicmF3S2V5VHlwZU5hbWVzXCI6W251bGwsbnVsbF19In0",
      "$isComponent$" : true
    },
    "masterB" : {
      "$metadatas$" : {
        "$iAmPlayerMetadatas$" : true,
        "$idRef$" : 8
      }
    }
  }, {
    "$metadatas$" : {
      "$iAmPlayerMetadatas$" : true,
      "$id$" : 12,
      "$signature$" : "eyJjbGF6ek5hbWUiOiJvcmcuanNvbnBsYXliYWNrLnBsYXllci5oaWJlcm5hdGUuZW50aXRpZXMuRGV0YWlsQUVudCIsImlzQ29tcCI6dHJ1ZSwicHJvcGVydHlOYW1lIjoiZGV0YWlsQUNvbXAuZGV0YWlsQUNvbXBDb21wIiwic3RyaW5naWZpZWRPYmplY3RJZCI6IntcInJhd0tleVZhbHVlc1wiOltudWxsLG51bGxdLFwicmF3S2V5VHlwZU5hbWVzXCI6W251bGwsbnVsbF19In0",
      "$isComponent$" : true
    },
    "masterB" : {
      "$metadatas$" : {
        "$iAmPlayerMetadatas$" : true,
        "$id$" : 13,
        "$signature$" : "eyJjbGF6ek5hbWUiOiJvcmcuanNvbnBsYXliYWNrLnBsYXllci5oaWJlcm5hdGUuZW50aXRpZXMuTWFzdGVyQkVudCIsInN0cmluZ2lmaWVkT2JqZWN0SWQiOiJ7XCJyYXdLZXlWYWx1ZXNcIjpbXCIyXCIsXCIyXCJdLFwicmF3S2V5VHlwZU5hbWVzXCI6W1wiamF2YS5sYW5nLkludGVnZXJcIixcImphdmEubGFuZy5JbnRlZ2VyXCJdfSJ9",
        "$isLazyUninitialized$" : true,
        "$isAssociative$" : true,
        "$playerObjectId$" : {
          "$metadatas$" : {
            "$iAmPlayerMetadatas$" : true,
            "$id$" : 14,
            "$isComponent$" : true,
            "$isComponentPlayerObjectId$" : true
          },
          "idA" : 2,
          "idB" : 2
        }
      }
    }
  }, {
    "$metadatas$" : {
      "$iAmPlayerMetadatas$" : true,
      "$id$" : 15,
      "$signature$" : "eyJjbGF6ek5hbWUiOiJvcmcuanNvbnBsYXliYWNrLnBsYXllci5oaWJlcm5hdGUuZW50aXRpZXMuRGV0YWlsQUVudCIsImlzQ29tcCI6dHJ1ZSwicHJvcGVydHlOYW1lIjoiZGV0YWlsQUNvbXAuZGV0YWlsQUNvbXBDb21wIiwic3RyaW5naWZpZWRPYmplY3RJZCI6IntcInJhd0tleVZhbHVlc1wiOltudWxsLG51bGxdLFwicmF3S2V5VHlwZU5hbWVzXCI6W251bGwsbnVsbF19In0",
      "$isComponent$" : true
    },
    "masterB" : {
      "$metadatas$" : {
        "$iAmPlayerMetadatas$" : true,
        "$idRef$" : 13
      }
    }
  }, {
    "$metadatas$" : {
      "$iAmPlayerMetadatas$" : true,
      "$id$" : 16,
      "$signature$" : "eyJjbGF6ek5hbWUiOiJvcmcuanNvbnBsYXliYWNrLnBsYXllci5oaWJlcm5hdGUuZW50aXRpZXMuRGV0YWlsQUVudCIsImlzQ29tcCI6dHJ1ZSwicHJvcGVydHlOYW1lIjoiZGV0YWlsQUNvbXAuZGV0YWlsQUNvbXBDb21wIiwic3RyaW5naWZpZWRPYmplY3RJZCI6IntcInJhd0tleVZhbHVlc1wiOltudWxsLG51bGxdLFwicmF3S2V5VHlwZU5hbWVzXCI6W251bGwsbnVsbF19In0",
      "$isComponent$" : true
    },
    "masterB" : {
      "$metadatas$" : {
        "$iAmPlayerMetadatas$" : true,
        "$idRef$" : 13
      }
    }
  } ]
}