{
  "wrappedSnapshot" : {
    "$metadatas$" : {
      "$iAmPlayerMetadatas$" : true,
      "$id$" : 1,
      "$signature$" : "eyJjbGF6ek5hbWUiOiJvcmcuanNvbnBsYXliYWNrLnBsYXllci5oaWJlcm5hdGUuZW50aXRpZXMuTWFzdGVyQUVudCIsInN0cmluZ2lmaWVkT2JqZWN0SWQiOiJ7XCJyYXdLZXlWYWx1ZXNcIjpbXCIxXCJdLFwicmF3S2V5VHlwZU5hbWVzXCI6W1wiamF2YS5sYW5nLkludGVnZXJcIl19In0",
      "$playerObjectId$" : 1
    },
    "id" : 1,
    "vcharA" : "MasterAEnt_REG01_REG01_VcharA",
    "vcharB" : "MasterAEnt_REG01_REG01_VcharB",
    "dateA" : 1546300800000,
    "datetimeA" : 1546304461000,
    "blobA" : "TWFzdGVyQUVudF9SRUcwMV9CbG9iQQ==",
    "blobB" : "TWFzdGVyQUVudF9SRUcwMV9CbG9iQg==",
    "hbVersion" : 0,
    "detailAEntCol" : [ {
      "$metadatas$" : {
        "$iAmPlayerMetadatas$" : true,
        "$id$" : 2,
        "$signature$" : "eyJjbGF6ek5hbWUiOiJvcmcuanNvbnBsYXliYWNrLnBsYXllci5oaWJlcm5hdGUuZW50aXRpZXMuRGV0YWlsQUVudCIsInN0cmluZ2lmaWVkT2JqZWN0SWQiOiJ7XCJyYXdLZXlWYWx1ZXNcIjpbXCIxXCIsXCIwXCJdLFwicmF3S2V5VHlwZU5hbWVzXCI6W1wiamF2YS5sYW5nLkludGVnZXJcIixcImphdmEubGFuZy5JbnRlZ2VyXCJdfSJ9",
        "$isAssociative$" : true,
        "$playerObjectId$" : {
          "$metadatas$" : {
            "$iAmPlayerMetadatas$" : true,
            "$id$" : 3,
            "$isComponent$" : true,
            "$isComponentPlayerObjectId$" : true
          },
          "masterA" : {
            "$metadatas$" : {
              "$iAmPlayerMetadatas$" : true,
              "$idRef$" : 1
            }
          },
          "subId" : 0
        }
      },
      "compId" : {
        "$metadatas$" : {
          "$iAmPlayerMetadatas$" : true,
          "$idRef$" : 3
        }
      },
      "hbVersion" : 1,
      "detailAComp" : {
        "$metadatas$" : {
          "$iAmPlayerMetadatas$" : true,
          "$id$" : 4,
          "$signature$" : "eyJjbGF6ek5hbWUiOiJvcmcuanNvbnBsYXliYWNrLnBsYXllci5oaWJlcm5hdGUuZW50aXRpZXMuRGV0YWlsQUVudCIsImlzQ29tcCI6dHJ1ZSwicHJvcGVydHlOYW1lIjoiZGV0YWlsQUNvbXAiLCJzdHJpbmdpZmllZE9iamVjdElkIjoie1wicmF3S2V5VmFsdWVzXCI6W1wiMVwiLFwiMFwiXSxcInJhd0tleVR5cGVOYW1lc1wiOltcImphdmEubGFuZy5JbnRlZ2VyXCIsXCJqYXZhLmxhbmcuSW50ZWdlclwiXX0ifQ",
          "$isComponent$" : true
        },
        "masterB" : {
          "$metadatas$" : {
            "$iAmPlayerMetadatas$" : true,
            "$id$" : 5,
            "$signature$" : "eyJjbGF6ek5hbWUiOiJvcmcuanNvbnBsYXliYWNrLnBsYXllci5oaWJlcm5hdGUuZW50aXRpZXMuTWFzdGVyQkVudCIsInN0cmluZ2lmaWVkT2JqZWN0SWQiOiJ7XCJyYXdLZXlWYWx1ZXNcIjpbXCIxXCIsXCIxXCJdLFwicmF3S2V5VHlwZU5hbWVzXCI6W1wiamF2YS5sYW5nLkludGVnZXJcIixcImphdmEubGFuZy5JbnRlZ2VyXCJdfSJ9",
            "$isLazyUninitialized$" : true,
            "$isAssociative$" : true,
            "$playerObjectId$" : {
              "$metadatas$" : {
                "$iAmPlayerMetadatas$" : true,
                "$id$" : 6,
                "$isComponent$" : true,
                "$isComponentPlayerObjectId$" : true
              },
              "idA" : 1,
              "idB" : 1
            }
          }
        },
        "detailACompComp" : {
          "$metadatas$" : {
            "$iAmPlayerMetadatas$" : true,
            "$id$" : 7,
            "$signature$" : "eyJjbGF6ek5hbWUiOiJvcmcuanNvbnBsYXliYWNrLnBsYXllci5oaWJlcm5hdGUuZW50aXRpZXMuRGV0YWlsQUVudCIsImlzQ29tcCI6dHJ1ZSwicHJvcGVydHlOYW1lIjoiZGV0YWlsQUNvbXAuZGV0YWlsQUNvbXBDb21wIiwic3RyaW5naWZpZWRPYmplY3RJZCI6IntcInJhd0tleVZhbHVlc1wiOltcIjFcIixcIjBcIl0sXCJyYXdLZXlUeXBlTmFtZXNcIjpbXCJqYXZhLmxhbmcuSW50ZWdlclwiLFwiamF2YS5sYW5nLkludGVnZXJcIl19In0",
            "$isComponent$" : true
          },
          "masterB" : {
            "$metadatas$" : {
              "$iAmPlayerMetadatas$" : true,
              "$idRef$" : 5
            }
          }
        },
        "vcharA" : "DetailAEnt_REG01_REG01_VcharA",
        "vcharB" : "DetailAEnt_REG01_REG01_VcharB",
        "blobA" : "RGV0YWlsQUVudF9SRUcwMV9CbG9iQQ==",
        "blobB" : "RGV0YWlsQUVudF9SRUcwMV9CbG9iQg=="
      }
    }, {
      "$metadatas$" : {
        "$iAmPlayerMetadatas$" : true,
        "$id$" : 8,
        "$signature$" : "eyJjbGF6ek5hbWUiOiJvcmcuanNvbnBsYXliYWNrLnBsYXllci5oaWJlcm5hdGUuZW50aXRpZXMuRGV0YWlsQUVudCIsInN0cmluZ2lmaWVkT2JqZWN0SWQiOiJ7XCJyYXdLZXlWYWx1ZXNcIjpbXCIxXCIsXCIxXCJdLFwicmF3S2V5VHlwZU5hbWVzXCI6W1wiamF2YS5sYW5nLkludGVnZXJcIixcImphdmEubGFuZy5JbnRlZ2VyXCJdfSJ9",
        "$isAssociative$" : true,
        "$playerObjectId$" : {
          "$metadatas$" : {
            "$iAmPlayerMetadatas$" : true,
            "$id$" : 9,
            "$isComponent$" : true,
            "$isComponentPlayerObjectId$" : true
          },
          "masterA" : {
            "$metadatas$" : {
              "$iAmPlayerMetadatas$" : true,
              "$idRef$" : 1
            }
          },
          "subId" : 1
        }
      },
      "compId" : {
        "$metadatas$" : {
          "$iAmPlayerMetadatas$" : true,
          "$idRef$" : 9
        }
      },
      "hbVersion" : 1,
      "detailAComp" : {
        "$metadatas$" : {
          "$iAmPlayerMetadatas$" : true,
          "$id$" : 10,
          "$signature$" : "eyJjbGF6ek5hbWUiOiJvcmcuanNvbnBsYXliYWNrLnBsYXllci5oaWJlcm5hdGUuZW50aXRpZXMuRGV0YWlsQUVudCIsImlzQ29tcCI6dHJ1ZSwicHJvcGVydHlOYW1lIjoiZGV0YWlsQUNvbXAiLCJzdHJpbmdpZmllZE9iamVjdElkIjoie1wicmF3S2V5VmFsdWVzXCI6W1wiMVwiLFwiMVwiXSxcInJhd0tleVR5cGVOYW1lc1wiOltcImphdmEubGFuZy5JbnRlZ2VyXCIsXCJqYXZhLmxhbmcuSW50ZWdlclwiXX0ifQ",
          "$isComponent$" : true
        },
        "masterB" : {
          "$metadatas$" : {
            "$iAmPlayerMetadatas$" : true,
            "$idRef$" : 5
          }
        },
        "detailACompComp" : {
          "$metadatas$" : {
            "$iAmPlayerMetadatas$" : true,
            "$id$" : 11,
            "$signature$" : "eyJjbGF6ek5hbWUiOiJvcmcuanNvbnBsYXliYWNrLnBsYXllci5oaWJlcm5hdGUuZW50aXRpZXMuRGV0YWlsQUVudCIsImlzQ29tcCI6dHJ1ZSwicHJvcGVydHlOYW1lIjoiZGV0YWlsQUNvbXAuZGV0YWlsQUNvbXBDb21wIiwic3RyaW5naWZpZWRPYmplY3RJZCI6IntcInJhd0tleVZhbHVlc1wiOltcIjFcIixcIjFcIl0sXCJyYXdLZXlUeXBlTmFtZXNcIjpbXCJqYXZhLmxhbmcuSW50ZWdlclwiLFwiamF2YS5sYW5nLkludGVnZXJcIl19In0",
            "$isComponent$" : true
          },
          "masterB" : {
            "$metadatas$" : {
              "$iAmPlayerMetadatas$" : true,
              "$idRef$" : 5
            }
          }
        },
        "vcharA" : "DetailAEnt_REG04_REG01_VcharA",
        "vcharB" : "DetailAEnt_REG04_REG01_VcharB",
        "blobA" : "RGV0YWlsQUVudF9SRUcwNF9CbG9iQQ==",
        "blobB" : "RGV0YWlsQUVudF9SRUcwNF9CbG9iQg=="
      }
    }, {
      "$metadatas$" : {
        "$iAmPlayerMetadatas$" : true,
        "$id$" : 12,
        "$signature$" : "eyJjbGF6ek5hbWUiOiJvcmcuanNvbnBsYXliYWNrLnBsYXllci5oaWJlcm5hdGUuZW50aXRpZXMuRGV0YWlsQUVudCIsInN0cmluZ2lmaWVkT2JqZWN0SWQiOiJ7XCJyYXdLZXlWYWx1ZXNcIjpbXCIxXCIsXCIyXCJdLFwicmF3S2V5VHlwZU5hbWVzXCI6W1wiamF2YS5sYW5nLkludGVnZXJcIixcImphdmEubGFuZy5JbnRlZ2VyXCJdfSJ9",
        "$isAssociative$" : true,
        "$playerObjectId$" : {
          "$metadatas$" : {
            "$iAmPlayerMetadatas$" : true,
            "$id$" : 13,
            "$isComponent$" : true,
            "$isComponentPlayerObjectId$" : true
          },
          "masterA" : {
            "$metadatas$" : {
              "$iAmPlayerMetadatas$" : true,
              "$idRef$" : 1
            }
          },
          "subId" : 2
        }
      },
      "compId" : {
        "$metadatas$" : {
          "$iAmPlayerMetadatas$" : true,
          "$idRef$" : 13
        }
      },
      "hbVersion" : 1,
      "detailAComp" : {
        "$metadatas$" : {
          "$iAmPlayerMetadatas$" : true,
          "$id$" : 14,
          "$signature$" : "eyJjbGF6ek5hbWUiOiJvcmcuanNvbnBsYXliYWNrLnBsYXllci5oaWJlcm5hdGUuZW50aXRpZXMuRGV0YWlsQUVudCIsImlzQ29tcCI6dHJ1ZSwicHJvcGVydHlOYW1lIjoiZGV0YWlsQUNvbXAiLCJzdHJpbmdpZmllZE9iamVjdElkIjoie1wicmF3S2V5VmFsdWVzXCI6W1wiMVwiLFwiMlwiXSxcInJhd0tleVR5cGVOYW1lc1wiOltcImphdmEubGFuZy5JbnRlZ2VyXCIsXCJqYXZhLmxhbmcuSW50ZWdlclwiXX0ifQ",
          "$isComponent$" : true
        },
        "masterB" : {
          "$metadatas$" : {
            "$iAmPlayerMetadatas$" : true,
            "$idRef$" : 5
          }
        },
        "detailACompComp" : {
          "$metadatas$" : {
            "$iAmPlayerMetadatas$" : true,
            "$id$" : 15,
            "$signature$" : "eyJjbGF6ek5hbWUiOiJvcmcuanNvbnBsYXliYWNrLnBsYXllci5oaWJlcm5hdGUuZW50aXRpZXMuRGV0YWlsQUVudCIsImlzQ29tcCI6dHJ1ZSwicHJvcGVydHlOYW1lIjoiZGV0YWlsQUNvbXAuZGV0YWlsQUNvbXBDb21wIiwic3RyaW5naWZpZWRPYmplY3RJZCI6IntcInJhd0tleVZhbHVlc1wiOltcIjFcIixcIjJcIl0sXCJyYXdLZXlUeXBlTmFtZXNcIjpbXCJqYXZhLmxhbmcuSW50ZWdlclwiLFwiamF2YS5sYW5nLkludGVnZXJcIl19In0",
            "$isComponent$" : true
          },
          "masterB" : {
            "$metadatas$" : {
              "$iAmPlayerMetadatas$" : true,
              "$idRef$" : 5
            }
          }
        },
        "vcharA" : "DetailAEnt_REG07_REG01_VcharA",
        "vcharB" : "DetailAEnt_REG07_REG01_VcharB",
        "blobA" : "RGV0YWlsQUVudF9SRUcwN19CbG9iQQ==",
        "blobB" : "RGV0YWlsQUVudF9SRUcwN19CbG9iQg=="
      }
    } ],
    "blobLazyA" : "TWFzdGVyQUVudF9SRUcwMV9CbG9iTGF6eUE=",
    "blobLazyB" : "TWFzdGVyQUVudF9SRUcwMV9CbG9iTGF6eUI=",
    "clobLazyA" : "MasterAEnt_REG01_ClobLazyB",
    "clobLazyB" : "MasterAEnt_REG01_ClobLazyB"
  }
}