{
  "wrappedSnapshot" : {
    "$metadatas$" : {
      "$iAmPlayerMetadatas$" : true,
      "$id$" : 1,
      "$signature$" : "eyJjbGF6ek5hbWUiOiJvcmcuanNvbnBsYXliYWNrLnBsYXllci5oaWJlcm5hdGUuZW50aXRpZXMuTWFzdGVyQUVudCIsInJhd0tleVZhbHVlcyI6WyIxIl0sInJhd0tleVR5cGVOYW1lcyI6WyJqYXZhLmxhbmcuSW50ZWdlciJdfQ",
      "$playerObjectId$" : 1
    },
    "id" : 1,
    "vcharA" : "MasterAEnt_REG01_REG01_VcharA",
    "vcharB" : "MasterAEnt_REG01_REG01_VcharB",
    "dateA" : 1546300800000,
    "datetimeA" : 1546304461000,
    "blobA" : "TWFzdGVyQUVudF9SRUcwMV9CbG9iQQ==",
    "blobB" : "TWFzdGVyQUVudF9SRUcwMV9CbG9iQg==",
    "hbVersion" : 0,
    "detailAEntCol" : {
      "$metadatas$" : {
        "$iAmPlayerMetadatas$" : true,
        "$signature$" : "eyJjbGF6ek5hbWUiOiJvcmcuanNvbnBsYXliYWNrLnBsYXllci5oaWJlcm5hdGUuZW50aXRpZXMuTWFzdGVyQUVudCIsImlzQ29sbCI6dHJ1ZSwicHJvcGVydHlOYW1lIjoiZGV0YWlsQUVudENvbCIsInJhd0tleVZhbHVlcyI6WyIxIl0sInJhd0tleVR5cGVOYW1lcyI6WyJqYXZhLmxhbmcuSW50ZWdlciJdfQ",
        "$isLazyUninitialized$" : true,
        "$isAssociative$" : true
      }
    },
    "blobLazyA" : {
      "$metadatas$" : {
        "$iAmPlayerMetadatas$" : true,
        "$signature$" : "eyJjbGF6ek5hbWUiOiJvcmcuanNvbnBsYXliYWNrLnBsYXllci5oaWJlcm5hdGUuZW50aXRpZXMuTWFzdGVyQUVudCIsInByb3BlcnR5TmFtZSI6ImJsb2JMYXp5QSIsInJhd0tleVZhbHVlcyI6WyIxIl0sInJhd0tleVR5cGVOYW1lcyI6WyJqYXZhLmxhbmcuSW50ZWdlciJdfQ",
        "$isLazyUninitialized$" : true,
        "$isLazyProperty$" : true
      }
    },
    "blobLazyB" : {
      "$metadatas$" : {
        "$iAmPlayerMetadatas$" : true,
        "$signature$" : "eyJjbGF6ek5hbWUiOiJvcmcuanNvbnBsYXliYWNrLnBsYXllci5oaWJlcm5hdGUuZW50aXRpZXMuTWFzdGVyQUVudCIsInByb3BlcnR5TmFtZSI6ImJsb2JMYXp5QiIsInJhd0tleVZhbHVlcyI6WyIxIl0sInJhd0tleVR5cGVOYW1lcyI6WyJqYXZhLmxhbmcuSW50ZWdlciJdfQ",
        "$isLazyUninitialized$" : true,
        "$isLazyProperty$" : true
      }
    },
    "clobLazyA" : {
      "$metadatas$" : {
        "$iAmPlayerMetadatas$" : true,
        "$signature$" : "eyJjbGF6ek5hbWUiOiJvcmcuanNvbnBsYXliYWNrLnBsYXllci5oaWJlcm5hdGUuZW50aXRpZXMuTWFzdGVyQUVudCIsInByb3BlcnR5TmFtZSI6ImNsb2JMYXp5QSIsInJhd0tleVZhbHVlcyI6WyIxIl0sInJhd0tleVR5cGVOYW1lcyI6WyJqYXZhLmxhbmcuSW50ZWdlciJdfQ",
        "$isLazyUninitialized$" : true,
        "$isLazyProperty$" : true
      }
    },
    "clobLazyB" : {
      "$metadatas$" : {
        "$iAmPlayerMetadatas$" : true,
        "$signature$" : "eyJjbGF6ek5hbWUiOiJvcmcuanNvbnBsYXliYWNrLnBsYXllci5oaWJlcm5hdGUuZW50aXRpZXMuTWFzdGVyQUVudCIsInByb3BlcnR5TmFtZSI6ImNsb2JMYXp5QiIsInJhd0tleVZhbHVlcyI6WyIxIl0sInJhd0tleVR5cGVOYW1lcyI6WyJqYXZhLmxhbmcuSW50ZWdlciJdfQ",
        "$isLazyUninitialized$" : true,
        "$isLazyProperty$" : true
      }
    }
  }
}