{
  "wrappedSnapshot" : {
    "$metadatas$" : {
      "$iAmPlayerMetadatas$" : true,
      "$id$" : 1,
      "$signature$" : "eyJjbGF6ek5hbWUiOiJvcmcuanNvbnBsYXliYWNrLnBsYXllci5oaWJlcm5hdGUuZW50aXRpZXMuTWFzdGVyQkVudCIsInN0cmluZ2lmaWVkT2JqZWN0SWQiOiJ7XCJyYXdLZXlWYWx1ZXNcIjpbXCIxXCIsXCIxXCJdLFwicmF3S2V5VHlwZU5hbWVzXCI6W1wiamF2YS5sYW5nLkludGVnZXJcIixcImphdmEubGFuZy5JbnRlZ2VyXCJdfSJ9",
      "$playerObjectId$" : {
        "$metadatas$" : {
          "$iAmPlayerMetadatas$" : true,
          "$id$" : 2,
          "$isComponent$" : true,
          "$isComponentPlayerObjectId$" : true
        },
        "idA" : 1,
        "idB" : 1
      }
    },
    "compId" : {
      "$metadatas$" : {
        "$iAmPlayerMetadatas$" : true,
        "$idRef$" : 2
      }
    },
    "vcharA" : "MasterBEnt_REG01_REG01_VcharA",
    "vcharB" : "MasterBEnt_REG01_REG01_VcharB",
    "dateA" : 1546300800000,
    "datetimeA" : 1546304461000,
    "blobA" : "TWFzdGVyQkVudF9SRUcwMV9CbG9iQQ==",
    "blobB" : "TWFzdGVyQkVudF9SRUcwMV9CbG9iQg==",
    "hbVersion" : 0,
    "detailAEntCol" : {
      "$metadatas$" : {
        "$iAmPlayerMetadatas$" : true,
        "$signature$" : "eyJjbGF6ek5hbWUiOiJvcmcuanNvbnBsYXliYWNrLnBsYXllci5oaWJlcm5hdGUuZW50aXRpZXMuTWFzdGVyQkVudCIsImlzQ29sbCI6dHJ1ZSwicHJvcGVydHlOYW1lIjoiZGV0YWlsQUVudENvbCIsInN0cmluZ2lmaWVkT2JqZWN0SWQiOiJ7XCJyYXdLZXlWYWx1ZXNcIjpbXCIxXCIsXCIxXCJdLFwicmF3S2V5VHlwZU5hbWVzXCI6W1wiamF2YS5sYW5nLkludGVnZXJcIixcImphdmEubGFuZy5JbnRlZ2VyXCJdfSJ9",
        "$isLazyUninitialized$" : true,
        "$isAssociative$" : true
      }
    },
    "masterBComp" : {
      "$metadatas$" : {
        "$iAmPlayerMetadatas$" : true,
        "$id$" : 3,
        "$signature$" : "eyJjbGF6ek5hbWUiOiJvcmcuanNvbnBsYXliYWNrLnBsYXllci5oaWJlcm5hdGUuZW50aXRpZXMuTWFzdGVyQkVudCIsImlzQ29tcCI6dHJ1ZSwicHJvcGVydHlOYW1lIjoibWFzdGVyQkNvbXAiLCJzdHJpbmdpZmllZE9iamVjdElkIjoie1wicmF3S2V5VmFsdWVzXCI6W1wiMVwiLFwiMVwiXSxcInJhd0tleVR5cGVOYW1lc1wiOltcImphdmEubGFuZy5JbnRlZ2VyXCIsXCJqYXZhLmxhbmcuSW50ZWdlclwiXX0ifQ",
        "$isComponent$" : true
      },
      "detailAEntCol" : {
        "$metadatas$" : {
          "$iAmPlayerMetadatas$" : true,
          "$signature$" : "eyJjbGF6ek5hbWUiOiJvcmcuanNvbnBsYXliYWNrLnBsYXllci5oaWJlcm5hdGUuZW50aXRpZXMuTWFzdGVyQkVudCIsImlzQ29sbCI6dHJ1ZSwicHJvcGVydHlOYW1lIjoibWFzdGVyQkNvbXAuZGV0YWlsQUVudENvbCIsInN0cmluZ2lmaWVkT2JqZWN0SWQiOiJ7XCJyYXdLZXlWYWx1ZXNcIjpbXCIxXCIsXCIxXCJdLFwicmF3S2V5VHlwZU5hbWVzXCI6W1wiamF2YS5sYW5nLkludGVnZXJcIixcImphdmEubGFuZy5JbnRlZ2VyXCJdfSJ9",
          "$isLazyUninitialized$" : true,
          "$isAssociative$" : true
        }
      },
      "masterBCompComp" : {
        "$metadatas$" : {
          "$iAmPlayerMetadatas$" : true,
          "$id$" : 4,
          "$signature$" : "eyJjbGF6ek5hbWUiOiJvcmcuanNvbnBsYXliYWNrLnBsYXllci5oaWJlcm5hdGUuZW50aXRpZXMuTWFzdGVyQkVudCIsImlzQ29tcCI6dHJ1ZSwicHJvcGVydHlOYW1lIjoibWFzdGVyQkNvbXAubWFzdGVyQkNvbXBDb21wIiwic3RyaW5naWZpZWRPYmplY3RJZCI6IntcInJhd0tleVZhbHVlc1wiOltcIjFcIixcIjFcIl0sXCJyYXdLZXlUeXBlTmFtZXNcIjpbXCJqYXZhLmxhbmcuSW50ZWdlclwiLFwiamF2YS5sYW5nLkludGVnZXJcIl19In0",
          "$isComponent$" : true
        },
        "detailAEntCol" : {
          "$metadatas$" : {
            "$iAmPlayerMetadatas$" : true,
            "$signature$" : "eyJjbGF6ek5hbWUiOiJvcmcuanNvbnBsYXliYWNrLnBsYXllci5oaWJlcm5hdGUuZW50aXRpZXMuTWFzdGVyQkVudCIsImlzQ29sbCI6dHJ1ZSwicHJvcGVydHlOYW1lIjoibWFzdGVyQkNvbXAubWFzdGVyQkNvbXBDb21wLmRldGFpbEFFbnRDb2wiLCJzdHJpbmdpZmllZE9iamVjdElkIjoie1wicmF3S2V5VmFsdWVzXCI6W1wiMVwiLFwiMVwiXSxcInJhd0tleVR5cGVOYW1lc1wiOltcImphdmEubGFuZy5JbnRlZ2VyXCIsXCJqYXZhLmxhbmcuSW50ZWdlclwiXX0ifQ",
            "$isLazyUninitialized$" : true,
            "$isAssociative$" : true
          }
        }
      }
    }
  }
}