{
  "wrappedSnapshot" : [ {
    "$metadatas$" : {
      "$iAmPlayerMetadatas$" : true,
      "$id$" : 1,
      "$signature$" : "manager01.eyJjbGF6ek5hbWUiOiJvcmcuanNvbnBsYXliYWNrLnBsYXllci5oaWJlcm5hdGUuZW50aXRpZXMuRGV0YWlsQUVudCIsImlzQ29tcCI6dHJ1ZSwicHJvcGVydHlOYW1lIjoiZGV0YWlsQUNvbXAuZGV0YWlsQUNvbXBDb21wIiwic3RyaW5naWZpZWRPYmplY3RJZCI6IntcImNvbXBJZFwiOntcIm1hc3RlckFcIjp7XCJpZFwiOjB9LFwic3ViSWRcIjowfX0ifQ",
      "$isComponent$" : true
    },
    "masterB" : {
      "$metadatas$" : {
        "$iAmPlayerMetadatas$" : true,
        "$id$" : 2,
        "$signature$" : "manager01.eyJjbGF6ek5hbWUiOiJvcmcuanNvbnBsYXliYWNrLnBsYXllci5oaWJlcm5hdGUuZW50aXRpZXMuTWFzdGVyQkVudCIsInN0cmluZ2lmaWVkT2JqZWN0SWQiOiJ7XCJjb21wSWRcIjp7XCJpZEFcIjowLFwiaWRCXCI6MH19In0",
        "$isLazyUninitialized$" : true,
        "$isAssociative$" : true,
        "$playerObjectId$" : {
          "$metadatas$" : {
            "$iAmPlayerMetadatas$" : true,
            "$id$" : 3,
            "$isComponent$" : true,
            "$isComponentPlayerObjectId$" : true
          },
          "idA" : 0,
          "idB" : 0
        }
      }
    }
  }, {
    "$metadatas$" : {
      "$iAmPlayerMetadatas$" : true,
      "$id$" : 4,
      "$signature$" : "manager01.eyJjbGF6ek5hbWUiOiJvcmcuanNvbnBsYXliYWNrLnBsYXllci5oaWJlcm5hdGUuZW50aXRpZXMuRGV0YWlsQUVudCIsImlzQ29tcCI6dHJ1ZSwicHJvcGVydHlOYW1lIjoiZGV0YWlsQUNvbXAuZGV0YWlsQUNvbXBDb21wIiwic3RyaW5naWZpZWRPYmplY3RJZCI6IntcImNvbXBJZFwiOntcIm1hc3RlckFcIjp7XCJpZFwiOjB9LFwic3ViSWRcIjoxfX0ifQ",
      "$isComponent$" : true
    },
    "masterB" : {
      "$metadatas$" : {
        "$iAmPlayerMetadatas$" : true,
        "$idRef$" : 2
      }
    }
  }, {
    "$metadatas$" : {
      "$iAmPlayerMetadatas$" : true,
      "$id$" : 5,
      "$signature$" : "manager01.eyJjbGF6ek5hbWUiOiJvcmcuanNvbnBsYXliYWNrLnBsYXllci5oaWJlcm5hdGUuZW50aXRpZXMuRGV0YWlsQUVudCIsImlzQ29tcCI6dHJ1ZSwicHJvcGVydHlOYW1lIjoiZGV0YWlsQUNvbXAuZGV0YWlsQUNvbXBDb21wIiwic3RyaW5naWZpZWRPYmplY3RJZCI6IntcImNvbXBJZFwiOntcIm1hc3RlckFcIjp7XCJpZFwiOjB9LFwic3ViSWRcIjoyfX0ifQ",
      "$isComponent$" : true
    },
    "masterB" : {
      "$metadatas$" : {
        "$iAmPlayerMetadatas$" : true,
        "$idRef$" : 2
      }
    }
  }, {
    "$metadatas$" : {
      "$iAmPlayerMetadatas$" : true,
      "$id$" : 6,
      "$signature$" : "manager01.eyJjbGF6ek5hbWUiOiJvcmcuanNvbnBsYXliYWNrLnBsYXllci5oaWJlcm5hdGUuZW50aXRpZXMuRGV0YWlsQUVudCIsImlzQ29tcCI6dHJ1ZSwicHJvcGVydHlOYW1lIjoiZGV0YWlsQUNvbXAuZGV0YWlsQUNvbXBDb21wIiwic3RyaW5naWZpZWRPYmplY3RJZCI6IntcImNvbXBJZFwiOntcIm1hc3RlckFcIjp7XCJpZFwiOjB9LFwic3ViSWRcIjozfX0ifQ",
      "$isComponent$" : true
    },
    "masterB" : {
      "$metadatas$" : {
        "$iAmPlayerMetadatas$" : true,
        "$idRef$" : 2
      }
    }
  }, {
    "$metadatas$" : {
      "$iAmPlayerMetadatas$" : true,
      "$id$" : 7,
      "$signature$" : "manager01.eyJjbGF6ek5hbWUiOiJvcmcuanNvbnBsYXliYWNrLnBsYXllci5oaWJlcm5hdGUuZW50aXRpZXMuRGV0YWlsQUVudCIsImlzQ29tcCI6dHJ1ZSwicHJvcGVydHlOYW1lIjoiZGV0YWlsQUNvbXAuZGV0YWlsQUNvbXBDb21wIiwic3RyaW5naWZpZWRPYmplY3RJZCI6IntcImNvbXBJZFwiOntcIm1hc3RlckFcIjp7XCJpZFwiOjF9LFwic3ViSWRcIjowfX0ifQ",
      "$isComponent$" : true
    },
    "masterB" : {
      "$metadatas$" : {
        "$iAmPlayerMetadatas$" : true,
        "$id$" : 8,
        "$signature$" : "manager01.eyJjbGF6ek5hbWUiOiJvcmcuanNvbnBsYXliYWNrLnBsYXllci5oaWJlcm5hdGUuZW50aXRpZXMuTWFzdGVyQkVudCIsInN0cmluZ2lmaWVkT2JqZWN0SWQiOiJ7XCJjb21wSWRcIjp7XCJpZEFcIjoxLFwiaWRCXCI6MX19In0",
        "$isLazyUninitialized$" : true,
        "$isAssociative$" : true,
        "$playerObjectId$" : {
          "$metadatas$" : {
            "$iAmPlayerMetadatas$" : true,
            "$id$" : 9,
            "$isComponent$" : true,
            "$isComponentPlayerObjectId$" : true
          },
          "idA" : 1,
          "idB" : 1
        }
      }
    }
  }, {
    "$metadatas$" : {
      "$iAmPlayerMetadatas$" : true,
      "$id$" : 10,
      "$signature$" : "manager01.eyJjbGF6ek5hbWUiOiJvcmcuanNvbnBsYXliYWNrLnBsYXllci5oaWJlcm5hdGUuZW50aXRpZXMuRGV0YWlsQUVudCIsImlzQ29tcCI6dHJ1ZSwicHJvcGVydHlOYW1lIjoiZGV0YWlsQUNvbXAuZGV0YWlsQUNvbXBDb21wIiwic3RyaW5naWZpZWRPYmplY3RJZCI6IntcImNvbXBJZFwiOntcIm1hc3RlckFcIjp7XCJpZFwiOjF9LFwic3ViSWRcIjoxfX0ifQ",
      "$isComponent$" : true
    },
    "masterB" : {
      "$metadatas$" : {
        "$iAmPlayerMetadatas$" : true,
        "$idRef$" : 8
      }
    }
  }, {
    "$metadatas$" : {
      "$iAmPlayerMetadatas$" : true,
      "$id$" : 11,
      "$signature$" : "manager01.eyJjbGF6ek5hbWUiOiJvcmcuanNvbnBsYXliYWNrLnBsYXllci5oaWJlcm5hdGUuZW50aXRpZXMuRGV0YWlsQUVudCIsImlzQ29tcCI6dHJ1ZSwicHJvcGVydHlOYW1lIjoiZGV0YWlsQUNvbXAuZGV0YWlsQUNvbXBDb21wIiwic3RyaW5naWZpZWRPYmplY3RJZCI6IntcImNvbXBJZFwiOntcIm1hc3RlckFcIjp7XCJpZFwiOjF9LFwic3ViSWRcIjoyfX0ifQ",
      "$isComponent$" : true
    },
    "masterB" : {
      "$metadatas$" : {
        "$iAmPlayerMetadatas$" : true,
        "$idRef$" : 8
      }
    }
  }, {
    "$metadatas$" : {
      "$iAmPlayerMetadatas$" : true,
      "$id$" : 12,
      "$signature$" : "manager01.eyJjbGF6ek5hbWUiOiJvcmcuanNvbnBsYXliYWNrLnBsYXllci5oaWJlcm5hdGUuZW50aXRpZXMuRGV0YWlsQUVudCIsImlzQ29tcCI6dHJ1ZSwicHJvcGVydHlOYW1lIjoiZGV0YWlsQUNvbXAuZGV0YWlsQUNvbXBDb21wIiwic3RyaW5naWZpZWRPYmplY3RJZCI6IntcImNvbXBJZFwiOntcIm1hc3RlckFcIjp7XCJpZFwiOjJ9LFwic3ViSWRcIjowfX0ifQ",
      "$isComponent$" : true
    },
    "masterB" : {
      "$metadatas$" : {
        "$iAmPlayerMetadatas$" : true,
        "$id$" : 13,
        "$signature$" : "manager01.eyJjbGF6ek5hbWUiOiJvcmcuanNvbnBsYXliYWNrLnBsYXllci5oaWJlcm5hdGUuZW50aXRpZXMuTWFzdGVyQkVudCIsInN0cmluZ2lmaWVkT2JqZWN0SWQiOiJ7XCJjb21wSWRcIjp7XCJpZEFcIjoyLFwiaWRCXCI6Mn19In0",
        "$isLazyUninitialized$" : true,
        "$isAssociative$" : true,
        "$playerObjectId$" : {
          "$metadatas$" : {
            "$iAmPlayerMetadatas$" : true,
            "$id$" : 14,
            "$isComponent$" : true,
            "$isComponentPlayerObjectId$" : true
          },
          "idA" : 2,
          "idB" : 2
        }
      }
    }
  }, {
    "$metadatas$" : {
      "$iAmPlayerMetadatas$" : true,
      "$id$" : 15,
      "$signature$" : "manager01.eyJjbGF6ek5hbWUiOiJvcmcuanNvbnBsYXliYWNrLnBsYXllci5oaWJlcm5hdGUuZW50aXRpZXMuRGV0YWlsQUVudCIsImlzQ29tcCI6dHJ1ZSwicHJvcGVydHlOYW1lIjoiZGV0YWlsQUNvbXAuZGV0YWlsQUNvbXBDb21wIiwic3RyaW5naWZpZWRPYmplY3RJZCI6IntcImNvbXBJZFwiOntcIm1hc3RlckFcIjp7XCJpZFwiOjJ9LFwic3ViSWRcIjoxfX0ifQ",
      "$isComponent$" : true
    },
    "masterB" : {
      "$metadatas$" : {
        "$iAmPlayerMetadatas$" : true,
        "$idRef$" : 13
      }
    }
  }, {
    "$metadatas$" : {
      "$iAmPlayerMetadatas$" : true,
      "$id$" : 16,
      "$signature$" : "manager01.eyJjbGF6ek5hbWUiOiJvcmcuanNvbnBsYXliYWNrLnBsYXllci5oaWJlcm5hdGUuZW50aXRpZXMuRGV0YWlsQUVudCIsImlzQ29tcCI6dHJ1ZSwicHJvcGVydHlOYW1lIjoiZGV0YWlsQUNvbXAuZGV0YWlsQUNvbXBDb21wIiwic3RyaW5naWZpZWRPYmplY3RJZCI6IntcImNvbXBJZFwiOntcIm1hc3RlckFcIjp7XCJpZFwiOjJ9LFwic3ViSWRcIjoyfX0ifQ",
      "$isComponent$" : true
    },
    "masterB" : {
      "$metadatas$" : {
        "$iAmPlayerMetadatas$" : true,
        "$idRef$" : 13
      }
    }
  } ]
}