{
  "wrappedSnapshot" : [ {
    "$metadatas$" : {
      "$iAmPlayerMetadatas$" : true,
      "$id$" : 1,
      "$signature$" : "manager01.eyJjbGF6ek5hbWUiOiJvcmcuanNvbnBsYXliYWNrLnBsYXllci5oaWJlcm5hdGUuZW50aXRpZXMuRGV0YWlsQUVudCIsInN0cmluZ2lmaWVkT2JqZWN0SWQiOiJ7XCJjb21wSWRcIjp7XCJtYXN0ZXJBXCI6e1wiaWRcIjowfSxcInN1YklkXCI6MX19In0CUSTOMIZED_PERSISTENCE",
      "$playerObjectId$" : {
        "$metadatas$" : {
          "$iAmPlayerMetadatas$" : true,
          "$id$" : 2,
          "$isComponent$" : true,
          "$isComponentPlayerObjectId$" : true
        },
        "masterA" : {
          "$metadatas$" : {
            "$iAmPlayerMetadatas$" : true,
            "$id$" : 3,
            "$signature$" : "manager01.eyJjbGF6ek5hbWUiOiJvcmcuanNvbnBsYXliYWNrLnBsYXllci5oaWJlcm5hdGUuZW50aXRpZXMuTWFzdGVyQUVudCIsInN0cmluZ2lmaWVkT2JqZWN0SWQiOiJ7XCJpZFwiOjB9In0CUSTOMIZED_PERSISTENCE",
            "$isLazyUninitialized$" : true,
            "$isAssociative$" : true,
            "$playerObjectId$" : 0
          }
        },
        "subId" : 1
      }
    },
    "compId" : {
      "$metadatas$" : {
        "$iAmPlayerMetadatas$" : true,
        "$idRef$" : 2
      }
    },
    "hbVersion" : 1,
    "detailAComp" : {
      "$metadatas$" : {
        "$iAmPlayerMetadatas$" : true,
        "$id$" : 4,
        "$signature$" : "manager01.eyJjbGF6ek5hbWUiOiJvcmcuanNvbnBsYXliYWNrLnBsYXllci5oaWJlcm5hdGUuZW50aXRpZXMuRGV0YWlsQUVudCIsImlzQ29tcCI6dHJ1ZSwicHJvcGVydHlOYW1lIjoiZGV0YWlsQUNvbXAiLCJzdHJpbmdpZmllZE9iamVjdElkIjoie1wiY29tcElkXCI6e1wibWFzdGVyQVwiOntcImlkXCI6MH0sXCJzdWJJZFwiOjF9fSJ9CUSTOMIZED_PERSISTENCE",
        "$isComponent$" : true
      },
      "masterB" : {
        "$metadatas$" : {
          "$iAmPlayerMetadatas$" : true,
          "$id$" : 5,
          "$signature$" : "manager01.eyJjbGF6ek5hbWUiOiJvcmcuanNvbnBsYXliYWNrLnBsYXllci5oaWJlcm5hdGUuZW50aXRpZXMuTWFzdGVyQkVudCIsInN0cmluZ2lmaWVkT2JqZWN0SWQiOiJ7XCJjb21wSWRcIjp7XCJpZEFcIjowLFwiaWRCXCI6MH19In0CUSTOMIZED_PERSISTENCE",
          "$isLazyUninitialized$" : true,
          "$isAssociative$" : true,
          "$playerObjectId$" : {
            "$metadatas$" : {
              "$iAmPlayerMetadatas$" : true,
              "$id$" : 6,
              "$isComponent$" : true,
              "$isComponentPlayerObjectId$" : true
            },
            "idA" : 0,
            "idB" : 0
          }
        }
      },
      "detailACompComp" : {
        "$metadatas$" : {
          "$iAmPlayerMetadatas$" : true,
          "$id$" : 7,
          "$signature$" : "manager01.eyJjbGF6ek5hbWUiOiJvcmcuanNvbnBsYXliYWNrLnBsYXllci5oaWJlcm5hdGUuZW50aXRpZXMuRGV0YWlsQUVudCIsImlzQ29tcCI6dHJ1ZSwicHJvcGVydHlOYW1lIjoiZGV0YWlsQUNvbXAuZGV0YWlsQUNvbXBDb21wIiwic3RyaW5naWZpZWRPYmplY3RJZCI6IntcImNvbXBJZFwiOntcIm1hc3RlckFcIjp7XCJpZFwiOjB9LFwic3ViSWRcIjoxfX0ifQCUSTOMIZED_PERSISTENCE",
          "$isComponent$" : true
        },
        "masterB" : {
          "$metadatas$" : {
            "$iAmPlayerMetadatas$" : true,
            "$idRef$" : 5
          }
        }
      },
      "vcharA" : "DetailAEnt_REG03_REG01_VcharA",
      "vcharB" : "DetailAEnt_REG03_REG01_VcharB",
      "blobA" : "RGV0YWlsQUVudF9SRUcwM19CbG9iQQ==",
      "blobB" : "RGV0YWlsQUVudF9SRUcwM19CbG9iQg=="
    }
  }, {
    "$metadatas$" : {
      "$iAmPlayerMetadatas$" : true,
      "$id$" : 8,
      "$signature$" : "manager01.eyJjbGF6ek5hbWUiOiJvcmcuanNvbnBsYXliYWNrLnBsYXllci5oaWJlcm5hdGUuZW50aXRpZXMuRGV0YWlsQUVudCIsInN0cmluZ2lmaWVkT2JqZWN0SWQiOiJ7XCJjb21wSWRcIjp7XCJtYXN0ZXJBXCI6e1wiaWRcIjowfSxcInN1YklkXCI6Mn19In0CUSTOMIZED_PERSISTENCE",
      "$playerObjectId$" : {
        "$metadatas$" : {
          "$iAmPlayerMetadatas$" : true,
          "$id$" : 9,
          "$isComponent$" : true,
          "$isComponentPlayerObjectId$" : true
        },
        "masterA" : {
          "$metadatas$" : {
            "$iAmPlayerMetadatas$" : true,
            "$idRef$" : 3
          }
        },
        "subId" : 2
      }
    },
    "compId" : {
      "$metadatas$" : {
        "$iAmPlayerMetadatas$" : true,
        "$idRef$" : 9
      }
    },
    "hbVersion" : 1,
    "detailAComp" : {
      "$metadatas$" : {
        "$iAmPlayerMetadatas$" : true,
        "$id$" : 10,
        "$signature$" : "manager01.eyJjbGF6ek5hbWUiOiJvcmcuanNvbnBsYXliYWNrLnBsYXllci5oaWJlcm5hdGUuZW50aXRpZXMuRGV0YWlsQUVudCIsImlzQ29tcCI6dHJ1ZSwicHJvcGVydHlOYW1lIjoiZGV0YWlsQUNvbXAiLCJzdHJpbmdpZmllZE9iamVjdElkIjoie1wiY29tcElkXCI6e1wibWFzdGVyQVwiOntcImlkXCI6MH0sXCJzdWJJZFwiOjJ9fSJ9CUSTOMIZED_PERSISTENCE",
        "$isComponent$" : true
      },
      "masterB" : {
        "$metadatas$" : {
          "$iAmPlayerMetadatas$" : true,
          "$idRef$" : 5
        }
      },
      "detailACompComp" : {
        "$metadatas$" : {
          "$iAmPlayerMetadatas$" : true,
          "$id$" : 11,
          "$signature$" : "manager01.eyJjbGF6ek5hbWUiOiJvcmcuanNvbnBsYXliYWNrLnBsYXllci5oaWJlcm5hdGUuZW50aXRpZXMuRGV0YWlsQUVudCIsImlzQ29tcCI6dHJ1ZSwicHJvcGVydHlOYW1lIjoiZGV0YWlsQUNvbXAuZGV0YWlsQUNvbXBDb21wIiwic3RyaW5naWZpZWRPYmplY3RJZCI6IntcImNvbXBJZFwiOntcIm1hc3RlckFcIjp7XCJpZFwiOjB9LFwic3ViSWRcIjoyfX0ifQCUSTOMIZED_PERSISTENCE",
          "$isComponent$" : true
        },
        "masterB" : {
          "$metadatas$" : {
            "$iAmPlayerMetadatas$" : true,
            "$idRef$" : 5
          }
        }
      },
      "vcharA" : "DetailAEnt_REG06_REG01_VcharA",
      "vcharB" : "DetailAEnt_REG06_REG01_VcharB",
      "blobA" : "RGV0YWlsQUVudF9SRUcwNl9CbG9iQQ==",
      "blobB" : "RGV0YWlsQUVudF9SRUcwNl9CbG9iQg=="
    }
  } ]
}