{
  "wrappedSnapshot" : {
    "$metadatas$" : {
      "$iAmPlayerMetadatas$" : true,
      "$id$" : 1,
      "$signature$" : "manager01.eyJjbGF6ek5hbWUiOiJvcmcuanNvbnBsYXliYWNrLnBsYXllci5oaWJlcm5hdGUuZW50aXRpZXMuRGV0YWlsQUVudCIsInN0cmluZ2lmaWVkT2JqZWN0SWQiOiJ7XCJjb21wSWRcIjp7XCJtYXN0ZXJBXCI6e1wiaWRcIjowfSxcInN1YklkXCI6MH19In0CUSTOMIZED_PERSISTENCE",
      "$playerObjectId$" : {
        "$metadatas$" : {
          "$iAmPlayerMetadatas$" : true,
          "$id$" : 2,
          "$isComponent$" : true,
          "$isComponentPlayerObjectId$" : true
        },
        "masterA" : {
          "$metadatas$" : {
            "$iAmPlayerMetadatas$" : true,
            "$id$" : 3,
            "$signature$" : "manager01.eyJjbGF6ek5hbWUiOiJvcmcuanNvbnBsYXliYWNrLnBsYXllci5oaWJlcm5hdGUuZW50aXRpZXMuTWFzdGVyQUVudCIsInN0cmluZ2lmaWVkT2JqZWN0SWQiOiJ7XCJpZFwiOjB9In0CUSTOMIZED_PERSISTENCE",
            "$isAssociative$" : true,
            "$playerObjectId$" : 0
          },
          "id" : 0,
          "vcharA" : "MasterAEnt_REG00_REG01_VcharA",
          "vcharB" : "MasterAEnt_REG00_REG01_VcharB",
          "dateA" : 1543536000000,
          "datetimeA" : 1546304400000,
          "blobA" : "TWFzdGVyQUVudF9SRUcwMF9CbG9iQQ==",
          "blobB" : "TWFzdGVyQUVudF9SRUcwMF9CbG9iQg==",
          "hbVersion" : 0,
          "detailAEntCol" : [ {
            "$metadatas$" : {
              "$iAmPlayerMetadatas$" : true,
              "$idRef$" : 1
            }
          }, {
            "$metadatas$" : {
              "$iAmPlayerMetadatas$" : true,
              "$id$" : 4,
              "$signature$" : "manager01.eyJjbGF6ek5hbWUiOiJvcmcuanNvbnBsYXliYWNrLnBsYXllci5oaWJlcm5hdGUuZW50aXRpZXMuRGV0YWlsQUVudCIsInN0cmluZ2lmaWVkT2JqZWN0SWQiOiJ7XCJjb21wSWRcIjp7XCJtYXN0ZXJBXCI6e1wiaWRcIjowfSxcInN1YklkXCI6MX19In0CUSTOMIZED_PERSISTENCE",
              "$isAssociative$" : true,
              "$playerObjectId$" : {
                "$metadatas$" : {
                  "$iAmPlayerMetadatas$" : true,
                  "$id$" : 5,
                  "$isComponent$" : true,
                  "$isComponentPlayerObjectId$" : true
                },
                "masterA" : {
                  "$metadatas$" : {
                    "$iAmPlayerMetadatas$" : true,
                    "$idRef$" : 3
                  }
                },
                "subId" : 1
              }
            },
            "compId" : {
              "$metadatas$" : {
                "$iAmPlayerMetadatas$" : true,
                "$idRef$" : 5
              }
            },
            "hbVersion" : 1,
            "detailAComp" : {
              "$metadatas$" : {
                "$iAmPlayerMetadatas$" : true,
                "$id$" : 6,
                "$signature$" : "manager01.eyJjbGF6ek5hbWUiOiJvcmcuanNvbnBsYXliYWNrLnBsYXllci5oaWJlcm5hdGUuZW50aXRpZXMuRGV0YWlsQUVudCIsImlzQ29tcCI6dHJ1ZSwicHJvcGVydHlOYW1lIjoiZGV0YWlsQUNvbXAiLCJzdHJpbmdpZmllZE9iamVjdElkIjoie1wiY29tcElkXCI6e1wibWFzdGVyQVwiOntcImlkXCI6MH0sXCJzdWJJZFwiOjF9fSJ9CUSTOMIZED_PERSISTENCE",
                "$isComponent$" : true
              },
              "masterB" : {
                "$metadatas$" : {
                  "$iAmPlayerMetadatas$" : true,
                  "$id$" : 7,
                  "$signature$" : "manager01.eyJjbGF6ek5hbWUiOiJvcmcuanNvbnBsYXliYWNrLnBsYXllci5oaWJlcm5hdGUuZW50aXRpZXMuTWFzdGVyQkVudCIsInN0cmluZ2lmaWVkT2JqZWN0SWQiOiJ7XCJjb21wSWRcIjp7XCJpZEFcIjowLFwiaWRCXCI6MH19In0CUSTOMIZED_PERSISTENCE",
                  "$isAssociative$" : true,
                  "$playerObjectId$" : {
                    "$metadatas$" : {
                      "$iAmPlayerMetadatas$" : true,
                      "$id$" : 8,
                      "$isComponent$" : true,
                      "$isComponentPlayerObjectId$" : true
                    },
                    "idA" : 0,
                    "idB" : 0
                  }
                },
                "compId" : {
                  "$metadatas$" : {
                    "$iAmPlayerMetadatas$" : true,
                    "$idRef$" : 8
                  }
                },
                "vcharA" : "MasterBEnt_REG00_REG01_VcharA",
                "vcharB" : "MasterBEnt_REG00_REG01_VcharB",
                "dateA" : 1543536000000,
                "datetimeA" : 1546304400000,
                "blobA" : "TWFzdGVyQkVudF9SRUcwMF9CbG9iQQ==",
                "blobB" : "TWFzdGVyQkVudF9SRUcwMF9CbG9iQg==",
                "hbVersion" : 0,
                "detailAEntCol" : [ {
                  "$metadatas$" : {
                    "$iAmPlayerMetadatas$" : true,
                    "$idRef$" : 1
                  }
                }, {
                  "$metadatas$" : {
                    "$iAmPlayerMetadatas$" : true,
                    "$idRef$" : 4
                  }
                }, {
                  "$metadatas$" : {
                    "$iAmPlayerMetadatas$" : true,
                    "$id$" : 9,
                    "$signature$" : "manager01.eyJjbGF6ek5hbWUiOiJvcmcuanNvbnBsYXliYWNrLnBsYXllci5oaWJlcm5hdGUuZW50aXRpZXMuRGV0YWlsQUVudCIsInN0cmluZ2lmaWVkT2JqZWN0SWQiOiJ7XCJjb21wSWRcIjp7XCJtYXN0ZXJBXCI6e1wiaWRcIjowfSxcInN1YklkXCI6Mn19In0CUSTOMIZED_PERSISTENCE",
                    "$isAssociative$" : true,
                    "$playerObjectId$" : {
                      "$metadatas$" : {
                        "$iAmPlayerMetadatas$" : true,
                        "$id$" : 10,
                        "$isComponent$" : true,
                        "$isComponentPlayerObjectId$" : true
                      },
                      "masterA" : {
                        "$metadatas$" : {
                          "$iAmPlayerMetadatas$" : true,
                          "$idRef$" : 3
                        }
                      },
                      "subId" : 2
                    }
                  },
                  "compId" : {
                    "$metadatas$" : {
                      "$iAmPlayerMetadatas$" : true,
                      "$idRef$" : 10
                    }
                  },
                  "hbVersion" : 1,
                  "detailAComp" : {
                    "$metadatas$" : {
                      "$iAmPlayerMetadatas$" : true,
                      "$id$" : 11,
                      "$signature$" : "manager01.eyJjbGF6ek5hbWUiOiJvcmcuanNvbnBsYXliYWNrLnBsYXllci5oaWJlcm5hdGUuZW50aXRpZXMuRGV0YWlsQUVudCIsImlzQ29tcCI6dHJ1ZSwicHJvcGVydHlOYW1lIjoiZGV0YWlsQUNvbXAiLCJzdHJpbmdpZmllZE9iamVjdElkIjoie1wiY29tcElkXCI6e1wibWFzdGVyQVwiOntcImlkXCI6MH0sXCJzdWJJZFwiOjJ9fSJ9CUSTOMIZED_PERSISTENCE",
                      "$isComponent$" : true
                    },
                    "masterB" : {
                      "$metadatas$" : {
                        "$iAmPlayerMetadatas$" : true,
                        "$idRef$" : 7
                      }
                    },
                    "detailACompComp" : {
                      "$metadatas$" : {
                        "$iAmPlayerMetadatas$" : true,
                        "$id$" : 12,
                        "$signature$" : "manager01.eyJjbGF6ek5hbWUiOiJvcmcuanNvbnBsYXliYWNrLnBsYXllci5oaWJlcm5hdGUuZW50aXRpZXMuRGV0YWlsQUVudCIsImlzQ29tcCI6dHJ1ZSwicHJvcGVydHlOYW1lIjoiZGV0YWlsQUNvbXAuZGV0YWlsQUNvbXBDb21wIiwic3RyaW5naWZpZWRPYmplY3RJZCI6IntcImNvbXBJZFwiOntcIm1hc3RlckFcIjp7XCJpZFwiOjB9LFwic3ViSWRcIjoyfX0ifQCUSTOMIZED_PERSISTENCE",
                        "$isComponent$" : true
                      },
                      "masterB" : {
                        "$metadatas$" : {
                          "$iAmPlayerMetadatas$" : true,
                          "$idRef$" : 7
                        }
                      }
                    },
                    "vcharA" : "DetailAEnt_REG06_REG01_VcharA",
                    "vcharB" : "DetailAEnt_REG06_REG01_VcharB",
                    "blobA" : "RGV0YWlsQUVudF9SRUcwNl9CbG9iQQ==",
                    "blobB" : "RGV0YWlsQUVudF9SRUcwNl9CbG9iQg=="
                  }
                }, {
                  "$metadatas$" : {
                    "$iAmPlayerMetadatas$" : true,
                    "$id$" : 13,
                    "$signature$" : "manager01.eyJjbGF6ek5hbWUiOiJvcmcuanNvbnBsYXliYWNrLnBsYXllci5oaWJlcm5hdGUuZW50aXRpZXMuRGV0YWlsQUVudCIsInN0cmluZ2lmaWVkT2JqZWN0SWQiOiJ7XCJjb21wSWRcIjp7XCJtYXN0ZXJBXCI6e1wiaWRcIjowfSxcInN1YklkXCI6M319In0CUSTOMIZED_PERSISTENCE",
                    "$isAssociative$" : true,
                    "$playerObjectId$" : {
                      "$metadatas$" : {
                        "$iAmPlayerMetadatas$" : true,
                        "$id$" : 14,
                        "$isComponent$" : true,
                        "$isComponentPlayerObjectId$" : true
                      },
                      "masterA" : {
                        "$metadatas$" : {
                          "$iAmPlayerMetadatas$" : true,
                          "$idRef$" : 3
                        }
                      },
                      "subId" : 3
                    }
                  },
                  "compId" : {
                    "$metadatas$" : {
                      "$iAmPlayerMetadatas$" : true,
                      "$idRef$" : 14
                    }
                  },
                  "hbVersion" : 1,
                  "detailAComp" : {
                    "$metadatas$" : {
                      "$iAmPlayerMetadatas$" : true,
                      "$id$" : 15,
                      "$signature$" : "manager01.eyJjbGF6ek5hbWUiOiJvcmcuanNvbnBsYXliYWNrLnBsYXllci5oaWJlcm5hdGUuZW50aXRpZXMuRGV0YWlsQUVudCIsImlzQ29tcCI6dHJ1ZSwicHJvcGVydHlOYW1lIjoiZGV0YWlsQUNvbXAiLCJzdHJpbmdpZmllZE9iamVjdElkIjoie1wiY29tcElkXCI6e1wibWFzdGVyQVwiOntcImlkXCI6MH0sXCJzdWJJZFwiOjN9fSJ9CUSTOMIZED_PERSISTENCE",
                      "$isComponent$" : true
                    },
                    "masterB" : {
                      "$metadatas$" : {
                        "$iAmPlayerMetadatas$" : true,
                        "$idRef$" : 7
                      }
                    },
                    "detailACompComp" : {
                      "$metadatas$" : {
                        "$iAmPlayerMetadatas$" : true,
                        "$id$" : 16,
                        "$signature$" : "manager01.eyJjbGF6ek5hbWUiOiJvcmcuanNvbnBsYXliYWNrLnBsYXllci5oaWJlcm5hdGUuZW50aXRpZXMuRGV0YWlsQUVudCIsImlzQ29tcCI6dHJ1ZSwicHJvcGVydHlOYW1lIjoiZGV0YWlsQUNvbXAuZGV0YWlsQUNvbXBDb21wIiwic3RyaW5naWZpZWRPYmplY3RJZCI6IntcImNvbXBJZFwiOntcIm1hc3RlckFcIjp7XCJpZFwiOjB9LFwic3ViSWRcIjozfX0ifQCUSTOMIZED_PERSISTENCE",
                        "$isComponent$" : true
                      },
                      "masterB" : {
                        "$metadatas$" : {
                          "$iAmPlayerMetadatas$" : true,
                          "$idRef$" : 7
                        }
                      }
                    },
                    "vcharA" : "DetailAEnt_REG09_REG01_VcharA",
                    "vcharB" : "DetailAEnt_REG09_REG01_VcharB",
                    "blobA" : "RGV0YWlsQUVudF9SRUcwOV9CbG9iQQ==",
                    "blobB" : "RGV0YWlsQUVudF9SRUcwOV9CbG9iQg=="
                  }
                } ],
                "masterBComp" : {
                  "$metadatas$" : {
                    "$iAmPlayerMetadatas$" : true,
                    "$id$" : 17,
                    "$signature$" : "manager01.eyJjbGF6ek5hbWUiOiJvcmcuanNvbnBsYXliYWNrLnBsYXllci5oaWJlcm5hdGUuZW50aXRpZXMuTWFzdGVyQkVudCIsImlzQ29tcCI6dHJ1ZSwicHJvcGVydHlOYW1lIjoibWFzdGVyQkNvbXAiLCJzdHJpbmdpZmllZE9iamVjdElkIjoie1wiY29tcElkXCI6e1wiaWRBXCI6MCxcImlkQlwiOjB9fSJ9CUSTOMIZED_PERSISTENCE",
                    "$isComponent$" : true
                  },
                  "detailAEntCol" : [ {
                    "$metadatas$" : {
                      "$iAmPlayerMetadatas$" : true,
                      "$idRef$" : 1
                    }
                  }, {
                    "$metadatas$" : {
                      "$iAmPlayerMetadatas$" : true,
                      "$idRef$" : 4
                    }
                  }, {
                    "$metadatas$" : {
                      "$iAmPlayerMetadatas$" : true,
                      "$idRef$" : 9
                    }
                  }, {
                    "$metadatas$" : {
                      "$iAmPlayerMetadatas$" : true,
                      "$idRef$" : 13
                    }
                  } ],
                  "masterBCompComp" : {
                    "$metadatas$" : {
                      "$iAmPlayerMetadatas$" : true,
                      "$id$" : 18,
                      "$signature$" : "manager01.eyJjbGF6ek5hbWUiOiJvcmcuanNvbnBsYXliYWNrLnBsYXllci5oaWJlcm5hdGUuZW50aXRpZXMuTWFzdGVyQkVudCIsImlzQ29tcCI6dHJ1ZSwicHJvcGVydHlOYW1lIjoibWFzdGVyQkNvbXAubWFzdGVyQkNvbXBDb21wIiwic3RyaW5naWZpZWRPYmplY3RJZCI6IntcImNvbXBJZFwiOntcImlkQVwiOjAsXCJpZEJcIjowfX0ifQCUSTOMIZED_PERSISTENCE",
                      "$isComponent$" : true
                    },
                    "detailAEntCol" : [ {
                      "$metadatas$" : {
                        "$iAmPlayerMetadatas$" : true,
                        "$idRef$" : 1
                      }
                    }, {
                      "$metadatas$" : {
                        "$iAmPlayerMetadatas$" : true,
                        "$idRef$" : 4
                      }
                    }, {
                      "$metadatas$" : {
                        "$iAmPlayerMetadatas$" : true,
                        "$idRef$" : 9
                      }
                    }, {
                      "$metadatas$" : {
                        "$iAmPlayerMetadatas$" : true,
                        "$idRef$" : 13
                      }
                    } ]
                  }
                }
              },
              "detailACompComp" : {
                "$metadatas$" : {
                  "$iAmPlayerMetadatas$" : true,
                  "$id$" : 19,
                  "$signature$" : "manager01.eyJjbGF6ek5hbWUiOiJvcmcuanNvbnBsYXliYWNrLnBsYXllci5oaWJlcm5hdGUuZW50aXRpZXMuRGV0YWlsQUVudCIsImlzQ29tcCI6dHJ1ZSwicHJvcGVydHlOYW1lIjoiZGV0YWlsQUNvbXAuZGV0YWlsQUNvbXBDb21wIiwic3RyaW5naWZpZWRPYmplY3RJZCI6IntcImNvbXBJZFwiOntcIm1hc3RlckFcIjp7XCJpZFwiOjB9LFwic3ViSWRcIjoxfX0ifQCUSTOMIZED_PERSISTENCE",
                  "$isComponent$" : true
                },
                "masterB" : {
                  "$metadatas$" : {
                    "$iAmPlayerMetadatas$" : true,
                    "$idRef$" : 7
                  }
                }
              },
              "vcharA" : "DetailAEnt_REG03_REG01_VcharA",
              "vcharB" : "DetailAEnt_REG03_REG01_VcharB",
              "blobA" : "RGV0YWlsQUVudF9SRUcwM19CbG9iQQ==",
              "blobB" : "RGV0YWlsQUVudF9SRUcwM19CbG9iQg=="
            }
          }, {
            "$metadatas$" : {
              "$iAmPlayerMetadatas$" : true,
              "$idRef$" : 9
            }
          }, {
            "$metadatas$" : {
              "$iAmPlayerMetadatas$" : true,
              "$idRef$" : 13
            }
          } ],
          "blobLazyA" : "TWFzdGVyQUVudF9SRUcwMF9CbG9iTGF6eUE=",
          "blobLazyB" : "TWFzdGVyQUVudF9SRUcwMF9CbG9iTGF6eUI=",
          "clobLazyA" : "MasterAEnt_REG00_ClobLazyB",
          "clobLazyB" : "MasterAEnt_REG00_ClobLazyB"
        },
        "subId" : 0
      }
    },
    "compId" : {
      "$metadatas$" : {
        "$iAmPlayerMetadatas$" : true,
        "$idRef$" : 2
      }
    },
    "hbVersion" : 1,
    "detailAComp" : {
      "$metadatas$" : {
        "$iAmPlayerMetadatas$" : true,
        "$id$" : 20,
        "$signature$" : "manager01.eyJjbGF6ek5hbWUiOiJvcmcuanNvbnBsYXliYWNrLnBsYXllci5oaWJlcm5hdGUuZW50aXRpZXMuRGV0YWlsQUVudCIsImlzQ29tcCI6dHJ1ZSwicHJvcGVydHlOYW1lIjoiZGV0YWlsQUNvbXAiLCJzdHJpbmdpZmllZE9iamVjdElkIjoie1wiY29tcElkXCI6e1wibWFzdGVyQVwiOntcImlkXCI6MH0sXCJzdWJJZFwiOjB9fSJ9CUSTOMIZED_PERSISTENCE",
        "$isComponent$" : true
      },
      "masterB" : {
        "$metadatas$" : {
          "$iAmPlayerMetadatas$" : true,
          "$idRef$" : 7
        }
      },
      "detailACompComp" : {
        "$metadatas$" : {
          "$iAmPlayerMetadatas$" : true,
          "$id$" : 21,
          "$signature$" : "manager01.eyJjbGF6ek5hbWUiOiJvcmcuanNvbnBsYXliYWNrLnBsYXllci5oaWJlcm5hdGUuZW50aXRpZXMuRGV0YWlsQUVudCIsImlzQ29tcCI6dHJ1ZSwicHJvcGVydHlOYW1lIjoiZGV0YWlsQUNvbXAuZGV0YWlsQUNvbXBDb21wIiwic3RyaW5naWZpZWRPYmplY3RJZCI6IntcImNvbXBJZFwiOntcIm1hc3RlckFcIjp7XCJpZFwiOjB9LFwic3ViSWRcIjowfX0ifQCUSTOMIZED_PERSISTENCE",
          "$isComponent$" : true
        },
        "masterB" : {
          "$metadatas$" : {
            "$iAmPlayerMetadatas$" : true,
            "$idRef$" : 7
          }
        }
      },
      "vcharA" : "DetailAEnt_REG00_REG01_VcharA",
      "vcharB" : "DetailAEnt_REG00_REG01_VcharB",
      "blobA" : "RGV0YWlsQUVudF9SRUcwMF9CbG9iQQ==",
      "blobB" : "RGV0YWlsQUVudF9SRUcwMF9CbG9iQg=="
    }
  }
}