{
  "manager01.eyJjbGF6ek5hbWUiOiJvcmcuanNvbnBsYXliYWNrLnBsYXllci5oaWJlcm5hdGUuZW50aXRpZXMuRGV0YWlsQUVudCIsInN0cmluZ2lmaWVkT2JqZWN0SWQiOiJ7XCJjb21wSWRcIjp7XCJtYXN0ZXJBXCI6e1wiaWRcIjowfSxcInN1YklkXCI6MH19In0" : {
    "wrappedSnapshot" : {
      "$metadatas$" : {
        "$iAmPlayerMetadatas$" : true,
        "$id$" : 1,
        "$signature$" : "manager01.eyJjbGF6ek5hbWUiOiJvcmcuanNvbnBsYXliYWNrLnBsYXllci5oaWJlcm5hdGUuZW50aXRpZXMuRGV0YWlsQUVudCIsInN0cmluZ2lmaWVkT2JqZWN0SWQiOiJ7XCJjb21wSWRcIjp7XCJtYXN0ZXJBXCI6e1wiaWRcIjowfSxcInN1YklkXCI6MH19In0",
        "$playerObjectId$" : {
          "$metadatas$" : {
            "$iAmPlayerMetadatas$" : true,
            "$id$" : 2,
            "$isComponent$" : true,
            "$isComponentPlayerObjectId$" : true
          },
          "masterA" : {
            "$metadatas$" : {
              "$iAmPlayerMetadatas$" : true,
              "$id$" : 3,
              "$signature$" : "manager01.eyJjbGF6ek5hbWUiOiJvcmcuanNvbnBsYXliYWNrLnBsYXllci5oaWJlcm5hdGUuZW50aXRpZXMuTWFzdGVyQUVudCIsInN0cmluZ2lmaWVkT2JqZWN0SWQiOiJ7XCJpZFwiOjB9In0",
              "$isLazyUninitialized$" : true,
              "$isAssociative$" : true,
              "$playerObjectId$" : 0
            }
          },
          "subId" : 0
        }
      },
      "compId" : {
        "$metadatas$" : {
          "$iAmPlayerMetadatas$" : true,
          "$idRef$" : 2
        }
      },
      "hbVersion" : 1,
      "detailAComp" : {
        "$metadatas$" : {
          "$iAmPlayerMetadatas$" : true,
          "$id$" : 4,
          "$signature$" : "manager01.eyJjbGF6ek5hbWUiOiJvcmcuanNvbnBsYXliYWNrLnBsYXllci5oaWJlcm5hdGUuZW50aXRpZXMuRGV0YWlsQUVudCIsImlzQ29tcCI6dHJ1ZSwicHJvcGVydHlOYW1lIjoiZGV0YWlsQUNvbXAiLCJzdHJpbmdpZmllZE9iamVjdElkIjoie1wiY29tcElkXCI6e1wibWFzdGVyQVwiOntcImlkXCI6MH0sXCJzdWJJZFwiOjB9fSJ9",
          "$isComponent$" : true
        },
        "masterB" : {
          "$metadatas$" : {
            "$iAmPlayerMetadatas$" : true,
            "$id$" : 5,
            "$signature$" : "manager01.eyJjbGF6ek5hbWUiOiJvcmcuanNvbnBsYXliYWNrLnBsYXllci5oaWJlcm5hdGUuZW50aXRpZXMuTWFzdGVyQkVudCIsInN0cmluZ2lmaWVkT2JqZWN0SWQiOiJ7XCJjb21wSWRcIjp7XCJpZEFcIjowLFwiaWRCXCI6MH19In0",
            "$isLazyUninitialized$" : true,
            "$isAssociative$" : true,
            "$playerObjectId$" : {
              "$metadatas$" : {
                "$iAmPlayerMetadatas$" : true,
                "$id$" : 6,
                "$isComponent$" : true,
                "$isComponentPlayerObjectId$" : true
              },
              "idA" : 0,
              "idB" : 0
            }
          }
        },
        "detailACompComp" : {
          "$metadatas$" : {
            "$iAmPlayerMetadatas$" : true,
            "$id$" : 7,
            "$signature$" : "manager01.eyJjbGF6ek5hbWUiOiJvcmcuanNvbnBsYXliYWNrLnBsYXllci5oaWJlcm5hdGUuZW50aXRpZXMuRGV0YWlsQUVudCIsImlzQ29tcCI6dHJ1ZSwicHJvcGVydHlOYW1lIjoiZGV0YWlsQUNvbXAuZGV0YWlsQUNvbXBDb21wIiwic3RyaW5naWZpZWRPYmplY3RJZCI6IntcImNvbXBJZFwiOntcIm1hc3RlckFcIjp7XCJpZFwiOjB9LFwic3ViSWRcIjowfX0ifQ",
            "$isComponent$" : true
          },
          "masterB" : {
            "$metadatas$" : {
              "$iAmPlayerMetadatas$" : true,
              "$idRef$" : 5
            }
          }
        },
        "vcharA" : "DetailAEnt_REG00_REG01_VcharA",
        "vcharB" : "DetailAEnt_REG00_REG01_VcharB",
        "blobA" : "RGV0YWlsQUVudF9SRUcwMF9CbG9iQQ==",
        "blobB" : "RGV0YWlsQUVudF9SRUcwMF9CbG9iQg=="
      }
    }
  },
  "manager01.eyJjbGF6ek5hbWUiOiJvcmcuanNvbnBsYXliYWNrLnBsYXllci5oaWJlcm5hdGUuZW50aXRpZXMuRGV0YWlsQUVudCIsInN0cmluZ2lmaWVkT2JqZWN0SWQiOiJ7XCJjb21wSWRcIjp7XCJtYXN0ZXJBXCI6e1wiaWRcIjowfSxcInN1YklkXCI6MX19In0" : {
    "wrappedSnapshot" : {
      "$metadatas$" : {
        "$iAmPlayerMetadatas$" : true,
        "$id$" : 1,
        "$signature$" : "manager01.eyJjbGF6ek5hbWUiOiJvcmcuanNvbnBsYXliYWNrLnBsYXllci5oaWJlcm5hdGUuZW50aXRpZXMuRGV0YWlsQUVudCIsInN0cmluZ2lmaWVkT2JqZWN0SWQiOiJ7XCJjb21wSWRcIjp7XCJtYXN0ZXJBXCI6e1wiaWRcIjowfSxcInN1YklkXCI6MX19In0",
        "$playerObjectId$" : {
          "$metadatas$" : {
            "$iAmPlayerMetadatas$" : true,
            "$id$" : 2,
            "$isComponent$" : true,
            "$isComponentPlayerObjectId$" : true
          },
          "masterA" : {
            "$metadatas$" : {
              "$iAmPlayerMetadatas$" : true,
              "$id$" : 3,
              "$signature$" : "manager01.eyJjbGF6ek5hbWUiOiJvcmcuanNvbnBsYXliYWNrLnBsYXllci5oaWJlcm5hdGUuZW50aXRpZXMuTWFzdGVyQUVudCIsInN0cmluZ2lmaWVkT2JqZWN0SWQiOiJ7XCJpZFwiOjB9In0",
              "$isLazyUninitialized$" : true,
              "$isAssociative$" : true,
              "$playerObjectId$" : 0
            }
          },
          "subId" : 1
        }
      },
      "compId" : {
        "$metadatas$" : {
          "$iAmPlayerMetadatas$" : true,
          "$idRef$" : 2
        }
      },
      "hbVersion" : 1,
      "detailAComp" : {
        "$metadatas$" : {
          "$iAmPlayerMetadatas$" : true,
          "$id$" : 4,
          "$signature$" : "manager01.eyJjbGF6ek5hbWUiOiJvcmcuanNvbnBsYXliYWNrLnBsYXllci5oaWJlcm5hdGUuZW50aXRpZXMuRGV0YWlsQUVudCIsImlzQ29tcCI6dHJ1ZSwicHJvcGVydHlOYW1lIjoiZGV0YWlsQUNvbXAiLCJzdHJpbmdpZmllZE9iamVjdElkIjoie1wiY29tcElkXCI6e1wibWFzdGVyQVwiOntcImlkXCI6MH0sXCJzdWJJZFwiOjF9fSJ9",
          "$isComponent$" : true
        },
        "masterB" : {
          "$metadatas$" : {
            "$iAmPlayerMetadatas$" : true,
            "$id$" : 5,
            "$signature$" : "manager01.eyJjbGF6ek5hbWUiOiJvcmcuanNvbnBsYXliYWNrLnBsYXllci5oaWJlcm5hdGUuZW50aXRpZXMuTWFzdGVyQkVudCIsInN0cmluZ2lmaWVkT2JqZWN0SWQiOiJ7XCJjb21wSWRcIjp7XCJpZEFcIjowLFwiaWRCXCI6MH19In0",
            "$isLazyUninitialized$" : true,
            "$isAssociative$" : true,
            "$playerObjectId$" : {
              "$metadatas$" : {
                "$iAmPlayerMetadatas$" : true,
                "$id$" : 6,
                "$isComponent$" : true,
                "$isComponentPlayerObjectId$" : true
              },
              "idA" : 0,
              "idB" : 0
            }
          }
        },
        "detailACompComp" : {
          "$metadatas$" : {
            "$iAmPlayerMetadatas$" : true,
            "$id$" : 7,
            "$signature$" : "manager01.eyJjbGF6ek5hbWUiOiJvcmcuanNvbnBsYXliYWNrLnBsYXllci5oaWJlcm5hdGUuZW50aXRpZXMuRGV0YWlsQUVudCIsImlzQ29tcCI6dHJ1ZSwicHJvcGVydHlOYW1lIjoiZGV0YWlsQUNvbXAuZGV0YWlsQUNvbXBDb21wIiwic3RyaW5naWZpZWRPYmplY3RJZCI6IntcImNvbXBJZFwiOntcIm1hc3RlckFcIjp7XCJpZFwiOjB9LFwic3ViSWRcIjoxfX0ifQ",
            "$isComponent$" : true
          },
          "masterB" : {
            "$metadatas$" : {
              "$iAmPlayerMetadatas$" : true,
              "$idRef$" : 5
            }
          }
        },
        "vcharA" : "DetailAEnt_REG03_REG01_VcharA",
        "vcharB" : "DetailAEnt_REG03_REG01_VcharB",
        "blobA" : "RGV0YWlsQUVudF9SRUcwM19CbG9iQQ==",
        "blobB" : "RGV0YWlsQUVudF9SRUcwM19CbG9iQg=="
      }
    }
  },
  "manager01.eyJjbGF6ek5hbWUiOiJvcmcuanNvbnBsYXliYWNrLnBsYXllci5oaWJlcm5hdGUuZW50aXRpZXMuRGV0YWlsQUVudCIsInN0cmluZ2lmaWVkT2JqZWN0SWQiOiJ7XCJjb21wSWRcIjp7XCJtYXN0ZXJBXCI6e1wiaWRcIjowfSxcInN1YklkXCI6Mn19In0" : {
    "wrappedSnapshot" : {
      "$metadatas$" : {
        "$iAmPlayerMetadatas$" : true,
        "$id$" : 1,
        "$signature$" : "manager01.eyJjbGF6ek5hbWUiOiJvcmcuanNvbnBsYXliYWNrLnBsYXllci5oaWJlcm5hdGUuZW50aXRpZXMuRGV0YWlsQUVudCIsInN0cmluZ2lmaWVkT2JqZWN0SWQiOiJ7XCJjb21wSWRcIjp7XCJtYXN0ZXJBXCI6e1wiaWRcIjowfSxcInN1YklkXCI6Mn19In0",
        "$playerObjectId$" : {
          "$metadatas$" : {
            "$iAmPlayerMetadatas$" : true,
            "$id$" : 2,
            "$isComponent$" : true,
            "$isComponentPlayerObjectId$" : true
          },
          "masterA" : {
            "$metadatas$" : {
              "$iAmPlayerMetadatas$" : true,
              "$id$" : 3,
              "$signature$" : "manager01.eyJjbGF6ek5hbWUiOiJvcmcuanNvbnBsYXliYWNrLnBsYXllci5oaWJlcm5hdGUuZW50aXRpZXMuTWFzdGVyQUVudCIsInN0cmluZ2lmaWVkT2JqZWN0SWQiOiJ7XCJpZFwiOjB9In0",
              "$isLazyUninitialized$" : true,
              "$isAssociative$" : true,
              "$playerObjectId$" : 0
            }
          },
          "subId" : 2
        }
      },
      "compId" : {
        "$metadatas$" : {
          "$iAmPlayerMetadatas$" : true,
          "$idRef$" : 2
        }
      },
      "hbVersion" : 1,
      "detailAComp" : {
        "$metadatas$" : {
          "$iAmPlayerMetadatas$" : true,
          "$id$" : 4,
          "$signature$" : "manager01.eyJjbGF6ek5hbWUiOiJvcmcuanNvbnBsYXliYWNrLnBsYXllci5oaWJlcm5hdGUuZW50aXRpZXMuRGV0YWlsQUVudCIsImlzQ29tcCI6dHJ1ZSwicHJvcGVydHlOYW1lIjoiZGV0YWlsQUNvbXAiLCJzdHJpbmdpZmllZE9iamVjdElkIjoie1wiY29tcElkXCI6e1wibWFzdGVyQVwiOntcImlkXCI6MH0sXCJzdWJJZFwiOjJ9fSJ9",
          "$isComponent$" : true
        },
        "masterB" : {
          "$metadatas$" : {
            "$iAmPlayerMetadatas$" : true,
            "$id$" : 5,
            "$signature$" : "manager01.eyJjbGF6ek5hbWUiOiJvcmcuanNvbnBsYXliYWNrLnBsYXllci5oaWJlcm5hdGUuZW50aXRpZXMuTWFzdGVyQkVudCIsInN0cmluZ2lmaWVkT2JqZWN0SWQiOiJ7XCJjb21wSWRcIjp7XCJpZEFcIjowLFwiaWRCXCI6MH19In0",
            "$isLazyUninitialized$" : true,
            "$isAssociative$" : true,
            "$playerObjectId$" : {
              "$metadatas$" : {
                "$iAmPlayerMetadatas$" : true,
                "$id$" : 6,
                "$isComponent$" : true,
                "$isComponentPlayerObjectId$" : true
              },
              "idA" : 0,
              "idB" : 0
            }
          }
        },
        "detailACompComp" : {
          "$metadatas$" : {
            "$iAmPlayerMetadatas$" : true,
            "$id$" : 7,
            "$signature$" : "manager01.eyJjbGF6ek5hbWUiOiJvcmcuanNvbnBsYXliYWNrLnBsYXllci5oaWJlcm5hdGUuZW50aXRpZXMuRGV0YWlsQUVudCIsImlzQ29tcCI6dHJ1ZSwicHJvcGVydHlOYW1lIjoiZGV0YWlsQUNvbXAuZGV0YWlsQUNvbXBDb21wIiwic3RyaW5naWZpZWRPYmplY3RJZCI6IntcImNvbXBJZFwiOntcIm1hc3RlckFcIjp7XCJpZFwiOjB9LFwic3ViSWRcIjoyfX0ifQ",
            "$isComponent$" : true
          },
          "masterB" : {
            "$metadatas$" : {
              "$iAmPlayerMetadatas$" : true,
              "$idRef$" : 5
            }
          }
        },
        "vcharA" : "DetailAEnt_REG06_REG01_VcharA",
        "vcharB" : "DetailAEnt_REG06_REG01_VcharB",
        "blobA" : "RGV0YWlsQUVudF9SRUcwNl9CbG9iQQ==",
        "blobB" : "RGV0YWlsQUVudF9SRUcwNl9CbG9iQg=="
      }
    }
  },
  "manager01.eyJjbGF6ek5hbWUiOiJvcmcuanNvbnBsYXliYWNrLnBsYXllci5oaWJlcm5hdGUuZW50aXRpZXMuRGV0YWlsQUVudCIsInN0cmluZ2lmaWVkT2JqZWN0SWQiOiJ7XCJjb21wSWRcIjp7XCJtYXN0ZXJBXCI6e1wiaWRcIjowfSxcInN1YklkXCI6M319In0" : {
    "wrappedSnapshot" : {
      "$metadatas$" : {
        "$iAmPlayerMetadatas$" : true,
        "$id$" : 1,
        "$signature$" : "manager01.eyJjbGF6ek5hbWUiOiJvcmcuanNvbnBsYXliYWNrLnBsYXllci5oaWJlcm5hdGUuZW50aXRpZXMuRGV0YWlsQUVudCIsInN0cmluZ2lmaWVkT2JqZWN0SWQiOiJ7XCJjb21wSWRcIjp7XCJtYXN0ZXJBXCI6e1wiaWRcIjowfSxcInN1YklkXCI6M319In0",
        "$playerObjectId$" : {
          "$metadatas$" : {
            "$iAmPlayerMetadatas$" : true,
            "$id$" : 2,
            "$isComponent$" : true,
            "$isComponentPlayerObjectId$" : true
          },
          "masterA" : {
            "$metadatas$" : {
              "$iAmPlayerMetadatas$" : true,
              "$id$" : 3,
              "$signature$" : "manager01.eyJjbGF6ek5hbWUiOiJvcmcuanNvbnBsYXliYWNrLnBsYXllci5oaWJlcm5hdGUuZW50aXRpZXMuTWFzdGVyQUVudCIsInN0cmluZ2lmaWVkT2JqZWN0SWQiOiJ7XCJpZFwiOjB9In0",
              "$isLazyUninitialized$" : true,
              "$isAssociative$" : true,
              "$playerObjectId$" : 0
            }
          },
          "subId" : 3
        }
      },
      "compId" : {
        "$metadatas$" : {
          "$iAmPlayerMetadatas$" : true,
          "$idRef$" : 2
        }
      },
      "hbVersion" : 1,
      "detailAComp" : {
        "$metadatas$" : {
          "$iAmPlayerMetadatas$" : true,
          "$id$" : 4,
          "$signature$" : "manager01.eyJjbGF6ek5hbWUiOiJvcmcuanNvbnBsYXliYWNrLnBsYXllci5oaWJlcm5hdGUuZW50aXRpZXMuRGV0YWlsQUVudCIsImlzQ29tcCI6dHJ1ZSwicHJvcGVydHlOYW1lIjoiZGV0YWlsQUNvbXAiLCJzdHJpbmdpZmllZE9iamVjdElkIjoie1wiY29tcElkXCI6e1wibWFzdGVyQVwiOntcImlkXCI6MH0sXCJzdWJJZFwiOjN9fSJ9",
          "$isComponent$" : true
        },
        "masterB" : {
          "$metadatas$" : {
            "$iAmPlayerMetadatas$" : true,
            "$id$" : 5,
            "$signature$" : "manager01.eyJjbGF6ek5hbWUiOiJvcmcuanNvbnBsYXliYWNrLnBsYXllci5oaWJlcm5hdGUuZW50aXRpZXMuTWFzdGVyQkVudCIsInN0cmluZ2lmaWVkT2JqZWN0SWQiOiJ7XCJjb21wSWRcIjp7XCJpZEFcIjowLFwiaWRCXCI6MH19In0",
            "$isLazyUninitialized$" : true,
            "$isAssociative$" : true,
            "$playerObjectId$" : {
              "$metadatas$" : {
                "$iAmPlayerMetadatas$" : true,
                "$id$" : 6,
                "$isComponent$" : true,
                "$isComponentPlayerObjectId$" : true
              },
              "idA" : 0,
              "idB" : 0
            }
          }
        },
        "detailACompComp" : {
          "$metadatas$" : {
            "$iAmPlayerMetadatas$" : true,
            "$id$" : 7,
            "$signature$" : "manager01.eyJjbGF6ek5hbWUiOiJvcmcuanNvbnBsYXliYWNrLnBsYXllci5oaWJlcm5hdGUuZW50aXRpZXMuRGV0YWlsQUVudCIsImlzQ29tcCI6dHJ1ZSwicHJvcGVydHlOYW1lIjoiZGV0YWlsQUNvbXAuZGV0YWlsQUNvbXBDb21wIiwic3RyaW5naWZpZWRPYmplY3RJZCI6IntcImNvbXBJZFwiOntcIm1hc3RlckFcIjp7XCJpZFwiOjB9LFwic3ViSWRcIjozfX0ifQ",
            "$isComponent$" : true
          },
          "masterB" : {
            "$metadatas$" : {
              "$iAmPlayerMetadatas$" : true,
              "$idRef$" : 5
            }
          }
        },
        "vcharA" : "DetailAEnt_REG09_REG01_VcharA",
        "vcharB" : "DetailAEnt_REG09_REG01_VcharB",
        "blobA" : "RGV0YWlsQUVudF9SRUcwOV9CbG9iQQ==",
        "blobB" : "RGV0YWlsQUVudF9SRUcwOV9CbG9iQg=="
      }
    }
  },
  "manager01.eyJjbGF6ek5hbWUiOiJvcmcuanNvbnBsYXliYWNrLnBsYXllci5oaWJlcm5hdGUuZW50aXRpZXMuRGV0YWlsQUVudCIsInN0cmluZ2lmaWVkT2JqZWN0SWQiOiJ7XCJjb21wSWRcIjp7XCJtYXN0ZXJBXCI6e1wiaWRcIjoxfSxcInN1YklkXCI6MH19In0" : {
    "wrappedSnapshot" : {
      "$metadatas$" : {
        "$iAmPlayerMetadatas$" : true,
        "$id$" : 1,
        "$signature$" : "manager01.eyJjbGF6ek5hbWUiOiJvcmcuanNvbnBsYXliYWNrLnBsYXllci5oaWJlcm5hdGUuZW50aXRpZXMuRGV0YWlsQUVudCIsInN0cmluZ2lmaWVkT2JqZWN0SWQiOiJ7XCJjb21wSWRcIjp7XCJtYXN0ZXJBXCI6e1wiaWRcIjoxfSxcInN1YklkXCI6MH19In0",
        "$playerObjectId$" : {
          "$metadatas$" : {
            "$iAmPlayerMetadatas$" : true,
            "$id$" : 2,
            "$isComponent$" : true,
            "$isComponentPlayerObjectId$" : true
          },
          "masterA" : {
            "$metadatas$" : {
              "$iAmPlayerMetadatas$" : true,
              "$id$" : 3,
              "$signature$" : "manager01.eyJjbGF6ek5hbWUiOiJvcmcuanNvbnBsYXliYWNrLnBsYXllci5oaWJlcm5hdGUuZW50aXRpZXMuTWFzdGVyQUVudCIsInN0cmluZ2lmaWVkT2JqZWN0SWQiOiJ7XCJpZFwiOjF9In0",
              "$isLazyUninitialized$" : true,
              "$isAssociative$" : true,
              "$playerObjectId$" : 1
            }
          },
          "subId" : 0
        }
      },
      "compId" : {
        "$metadatas$" : {
          "$iAmPlayerMetadatas$" : true,
          "$idRef$" : 2
        }
      },
      "hbVersion" : 1,
      "detailAComp" : {
        "$metadatas$" : {
          "$iAmPlayerMetadatas$" : true,
          "$id$" : 4,
          "$signature$" : "manager01.eyJjbGF6ek5hbWUiOiJvcmcuanNvbnBsYXliYWNrLnBsYXllci5oaWJlcm5hdGUuZW50aXRpZXMuRGV0YWlsQUVudCIsImlzQ29tcCI6dHJ1ZSwicHJvcGVydHlOYW1lIjoiZGV0YWlsQUNvbXAiLCJzdHJpbmdpZmllZE9iamVjdElkIjoie1wiY29tcElkXCI6e1wibWFzdGVyQVwiOntcImlkXCI6MX0sXCJzdWJJZFwiOjB9fSJ9",
          "$isComponent$" : true
        },
        "masterB" : {
          "$metadatas$" : {
            "$iAmPlayerMetadatas$" : true,
            "$id$" : 5,
            "$signature$" : "manager01.eyJjbGF6ek5hbWUiOiJvcmcuanNvbnBsYXliYWNrLnBsYXllci5oaWJlcm5hdGUuZW50aXRpZXMuTWFzdGVyQkVudCIsInN0cmluZ2lmaWVkT2JqZWN0SWQiOiJ7XCJjb21wSWRcIjp7XCJpZEFcIjoxLFwiaWRCXCI6MX19In0",
            "$isLazyUninitialized$" : true,
            "$isAssociative$" : true,
            "$playerObjectId$" : {
              "$metadatas$" : {
                "$iAmPlayerMetadatas$" : true,
                "$id$" : 6,
                "$isComponent$" : true,
                "$isComponentPlayerObjectId$" : true
              },
              "idA" : 1,
              "idB" : 1
            }
          }
        },
        "detailACompComp" : {
          "$metadatas$" : {
            "$iAmPlayerMetadatas$" : true,
            "$id$" : 7,
            "$signature$" : "manager01.eyJjbGF6ek5hbWUiOiJvcmcuanNvbnBsYXliYWNrLnBsYXllci5oaWJlcm5hdGUuZW50aXRpZXMuRGV0YWlsQUVudCIsImlzQ29tcCI6dHJ1ZSwicHJvcGVydHlOYW1lIjoiZGV0YWlsQUNvbXAuZGV0YWlsQUNvbXBDb21wIiwic3RyaW5naWZpZWRPYmplY3RJZCI6IntcImNvbXBJZFwiOntcIm1hc3RlckFcIjp7XCJpZFwiOjF9LFwic3ViSWRcIjowfX0ifQ",
            "$isComponent$" : true
          },
          "masterB" : {
            "$metadatas$" : {
              "$iAmPlayerMetadatas$" : true,
              "$idRef$" : 5
            }
          }
        },
        "vcharA" : "DetailAEnt_REG01_REG01_VcharA",
        "vcharB" : "DetailAEnt_REG01_REG01_VcharB",
        "blobA" : "RGV0YWlsQUVudF9SRUcwMV9CbG9iQQ==",
        "blobB" : "RGV0YWlsQUVudF9SRUcwMV9CbG9iQg=="
      }
    }
  },
  "manager01.eyJjbGF6ek5hbWUiOiJvcmcuanNvbnBsYXliYWNrLnBsYXllci5oaWJlcm5hdGUuZW50aXRpZXMuRGV0YWlsQUVudCIsInN0cmluZ2lmaWVkT2JqZWN0SWQiOiJ7XCJjb21wSWRcIjp7XCJtYXN0ZXJBXCI6e1wiaWRcIjoxfSxcInN1YklkXCI6MX19In0" : {
    "wrappedSnapshot" : {
      "$metadatas$" : {
        "$iAmPlayerMetadatas$" : true,
        "$id$" : 1,
        "$signature$" : "manager01.eyJjbGF6ek5hbWUiOiJvcmcuanNvbnBsYXliYWNrLnBsYXllci5oaWJlcm5hdGUuZW50aXRpZXMuRGV0YWlsQUVudCIsInN0cmluZ2lmaWVkT2JqZWN0SWQiOiJ7XCJjb21wSWRcIjp7XCJtYXN0ZXJBXCI6e1wiaWRcIjoxfSxcInN1YklkXCI6MX19In0",
        "$playerObjectId$" : {
          "$metadatas$" : {
            "$iAmPlayerMetadatas$" : true,
            "$id$" : 2,
            "$isComponent$" : true,
            "$isComponentPlayerObjectId$" : true
          },
          "masterA" : {
            "$metadatas$" : {
              "$iAmPlayerMetadatas$" : true,
              "$id$" : 3,
              "$signature$" : "manager01.eyJjbGF6ek5hbWUiOiJvcmcuanNvbnBsYXliYWNrLnBsYXllci5oaWJlcm5hdGUuZW50aXRpZXMuTWFzdGVyQUVudCIsInN0cmluZ2lmaWVkT2JqZWN0SWQiOiJ7XCJpZFwiOjF9In0",
              "$isLazyUninitialized$" : true,
              "$isAssociative$" : true,
              "$playerObjectId$" : 1
            }
          },
          "subId" : 1
        }
      },
      "compId" : {
        "$metadatas$" : {
          "$iAmPlayerMetadatas$" : true,
          "$idRef$" : 2
        }
      },
      "hbVersion" : 1,
      "detailAComp" : {
        "$metadatas$" : {
          "$iAmPlayerMetadatas$" : true,
          "$id$" : 4,
          "$signature$" : "manager01.eyJjbGF6ek5hbWUiOiJvcmcuanNvbnBsYXliYWNrLnBsYXllci5oaWJlcm5hdGUuZW50aXRpZXMuRGV0YWlsQUVudCIsImlzQ29tcCI6dHJ1ZSwicHJvcGVydHlOYW1lIjoiZGV0YWlsQUNvbXAiLCJzdHJpbmdpZmllZE9iamVjdElkIjoie1wiY29tcElkXCI6e1wibWFzdGVyQVwiOntcImlkXCI6MX0sXCJzdWJJZFwiOjF9fSJ9",
          "$isComponent$" : true
        },
        "masterB" : {
          "$metadatas$" : {
            "$iAmPlayerMetadatas$" : true,
            "$id$" : 5,
            "$signature$" : "manager01.eyJjbGF6ek5hbWUiOiJvcmcuanNvbnBsYXliYWNrLnBsYXllci5oaWJlcm5hdGUuZW50aXRpZXMuTWFzdGVyQkVudCIsInN0cmluZ2lmaWVkT2JqZWN0SWQiOiJ7XCJjb21wSWRcIjp7XCJpZEFcIjoxLFwiaWRCXCI6MX19In0",
            "$isLazyUninitialized$" : true,
            "$isAssociative$" : true,
            "$playerObjectId$" : {
              "$metadatas$" : {
                "$iAmPlayerMetadatas$" : true,
                "$id$" : 6,
                "$isComponent$" : true,
                "$isComponentPlayerObjectId$" : true
              },
              "idA" : 1,
              "idB" : 1
            }
          }
        },
        "detailACompComp" : {
          "$metadatas$" : {
            "$iAmPlayerMetadatas$" : true,
            "$id$" : 7,
            "$signature$" : "manager01.eyJjbGF6ek5hbWUiOiJvcmcuanNvbnBsYXliYWNrLnBsYXllci5oaWJlcm5hdGUuZW50aXRpZXMuRGV0YWlsQUVudCIsImlzQ29tcCI6dHJ1ZSwicHJvcGVydHlOYW1lIjoiZGV0YWlsQUNvbXAuZGV0YWlsQUNvbXBDb21wIiwic3RyaW5naWZpZWRPYmplY3RJZCI6IntcImNvbXBJZFwiOntcIm1hc3RlckFcIjp7XCJpZFwiOjF9LFwic3ViSWRcIjoxfX0ifQ",
            "$isComponent$" : true
          },
          "masterB" : {
            "$metadatas$" : {
              "$iAmPlayerMetadatas$" : true,
              "$idRef$" : 5
            }
          }
        },
        "vcharA" : "DetailAEnt_REG04_REG01_VcharA",
        "vcharB" : "DetailAEnt_REG04_REG01_VcharB",
        "blobA" : "RGV0YWlsQUVudF9SRUcwNF9CbG9iQQ==",
        "blobB" : "RGV0YWlsQUVudF9SRUcwNF9CbG9iQg=="
      }
    }
  },
  "manager01.eyJjbGF6ek5hbWUiOiJvcmcuanNvbnBsYXliYWNrLnBsYXllci5oaWJlcm5hdGUuZW50aXRpZXMuRGV0YWlsQUVudCIsInN0cmluZ2lmaWVkT2JqZWN0SWQiOiJ7XCJjb21wSWRcIjp7XCJtYXN0ZXJBXCI6e1wiaWRcIjoxfSxcInN1YklkXCI6Mn19In0" : {
    "wrappedSnapshot" : {
      "$metadatas$" : {
        "$iAmPlayerMetadatas$" : true,
        "$id$" : 1,
        "$signature$" : "manager01.eyJjbGF6ek5hbWUiOiJvcmcuanNvbnBsYXliYWNrLnBsYXllci5oaWJlcm5hdGUuZW50aXRpZXMuRGV0YWlsQUVudCIsInN0cmluZ2lmaWVkT2JqZWN0SWQiOiJ7XCJjb21wSWRcIjp7XCJtYXN0ZXJBXCI6e1wiaWRcIjoxfSxcInN1YklkXCI6Mn19In0",
        "$playerObjectId$" : {
          "$metadatas$" : {
            "$iAmPlayerMetadatas$" : true,
            "$id$" : 2,
            "$isComponent$" : true,
            "$isComponentPlayerObjectId$" : true
          },
          "masterA" : {
            "$metadatas$" : {
              "$iAmPlayerMetadatas$" : true,
              "$id$" : 3,
              "$signature$" : "manager01.eyJjbGF6ek5hbWUiOiJvcmcuanNvbnBsYXliYWNrLnBsYXllci5oaWJlcm5hdGUuZW50aXRpZXMuTWFzdGVyQUVudCIsInN0cmluZ2lmaWVkT2JqZWN0SWQiOiJ7XCJpZFwiOjF9In0",
              "$isLazyUninitialized$" : true,
              "$isAssociative$" : true,
              "$playerObjectId$" : 1
            }
          },
          "subId" : 2
        }
      },
      "compId" : {
        "$metadatas$" : {
          "$iAmPlayerMetadatas$" : true,
          "$idRef$" : 2
        }
      },
      "hbVersion" : 1,
      "detailAComp" : {
        "$metadatas$" : {
          "$iAmPlayerMetadatas$" : true,
          "$id$" : 4,
          "$signature$" : "manager01.eyJjbGF6ek5hbWUiOiJvcmcuanNvbnBsYXliYWNrLnBsYXllci5oaWJlcm5hdGUuZW50aXRpZXMuRGV0YWlsQUVudCIsImlzQ29tcCI6dHJ1ZSwicHJvcGVydHlOYW1lIjoiZGV0YWlsQUNvbXAiLCJzdHJpbmdpZmllZE9iamVjdElkIjoie1wiY29tcElkXCI6e1wibWFzdGVyQVwiOntcImlkXCI6MX0sXCJzdWJJZFwiOjJ9fSJ9",
          "$isComponent$" : true
        },
        "masterB" : {
          "$metadatas$" : {
            "$iAmPlayerMetadatas$" : true,
            "$id$" : 5,
            "$signature$" : "manager01.eyJjbGF6ek5hbWUiOiJvcmcuanNvbnBsYXliYWNrLnBsYXllci5oaWJlcm5hdGUuZW50aXRpZXMuTWFzdGVyQkVudCIsInN0cmluZ2lmaWVkT2JqZWN0SWQiOiJ7XCJjb21wSWRcIjp7XCJpZEFcIjoxLFwiaWRCXCI6MX19In0",
            "$isLazyUninitialized$" : true,
            "$isAssociative$" : true,
            "$playerObjectId$" : {
              "$metadatas$" : {
                "$iAmPlayerMetadatas$" : true,
                "$id$" : 6,
                "$isComponent$" : true,
                "$isComponentPlayerObjectId$" : true
              },
              "idA" : 1,
              "idB" : 1
            }
          }
        },
        "detailACompComp" : {
          "$metadatas$" : {
            "$iAmPlayerMetadatas$" : true,
            "$id$" : 7,
            "$signature$" : "manager01.eyJjbGF6ek5hbWUiOiJvcmcuanNvbnBsYXliYWNrLnBsYXllci5oaWJlcm5hdGUuZW50aXRpZXMuRGV0YWlsQUVudCIsImlzQ29tcCI6dHJ1ZSwicHJvcGVydHlOYW1lIjoiZGV0YWlsQUNvbXAuZGV0YWlsQUNvbXBDb21wIiwic3RyaW5naWZpZWRPYmplY3RJZCI6IntcImNvbXBJZFwiOntcIm1hc3RlckFcIjp7XCJpZFwiOjF9LFwic3ViSWRcIjoyfX0ifQ",
            "$isComponent$" : true
          },
          "masterB" : {
            "$metadatas$" : {
              "$iAmPlayerMetadatas$" : true,
              "$idRef$" : 5
            }
          }
        },
        "vcharA" : "DetailAEnt_REG07_REG01_VcharA",
        "vcharB" : "DetailAEnt_REG07_REG01_VcharB",
        "blobA" : "RGV0YWlsQUVudF9SRUcwN19CbG9iQQ==",
        "blobB" : "RGV0YWlsQUVudF9SRUcwN19CbG9iQg=="
      }
    }
  },
  "manager01.eyJjbGF6ek5hbWUiOiJvcmcuanNvbnBsYXliYWNrLnBsYXllci5oaWJlcm5hdGUuZW50aXRpZXMuRGV0YWlsQUVudCIsInN0cmluZ2lmaWVkT2JqZWN0SWQiOiJ7XCJjb21wSWRcIjp7XCJtYXN0ZXJBXCI6e1wiaWRcIjoyfSxcInN1YklkXCI6MH19In0" : {
    "wrappedSnapshot" : {
      "$metadatas$" : {
        "$iAmPlayerMetadatas$" : true,
        "$id$" : 1,
        "$signature$" : "manager01.eyJjbGF6ek5hbWUiOiJvcmcuanNvbnBsYXliYWNrLnBsYXllci5oaWJlcm5hdGUuZW50aXRpZXMuRGV0YWlsQUVudCIsInN0cmluZ2lmaWVkT2JqZWN0SWQiOiJ7XCJjb21wSWRcIjp7XCJtYXN0ZXJBXCI6e1wiaWRcIjoyfSxcInN1YklkXCI6MH19In0",
        "$playerObjectId$" : {
          "$metadatas$" : {
            "$iAmPlayerMetadatas$" : true,
            "$id$" : 2,
            "$isComponent$" : true,
            "$isComponentPlayerObjectId$" : true
          },
          "masterA" : {
            "$metadatas$" : {
              "$iAmPlayerMetadatas$" : true,
              "$id$" : 3,
              "$signature$" : "manager01.eyJjbGF6ek5hbWUiOiJvcmcuanNvbnBsYXliYWNrLnBsYXllci5oaWJlcm5hdGUuZW50aXRpZXMuTWFzdGVyQUVudCIsInN0cmluZ2lmaWVkT2JqZWN0SWQiOiJ7XCJpZFwiOjJ9In0",
              "$isLazyUninitialized$" : true,
              "$isAssociative$" : true,
              "$playerObjectId$" : 2
            }
          },
          "subId" : 0
        }
      },
      "compId" : {
        "$metadatas$" : {
          "$iAmPlayerMetadatas$" : true,
          "$idRef$" : 2
        }
      },
      "hbVersion" : 1,
      "detailAComp" : {
        "$metadatas$" : {
          "$iAmPlayerMetadatas$" : true,
          "$id$" : 4,
          "$signature$" : "manager01.eyJjbGF6ek5hbWUiOiJvcmcuanNvbnBsYXliYWNrLnBsYXllci5oaWJlcm5hdGUuZW50aXRpZXMuRGV0YWlsQUVudCIsImlzQ29tcCI6dHJ1ZSwicHJvcGVydHlOYW1lIjoiZGV0YWlsQUNvbXAiLCJzdHJpbmdpZmllZE9iamVjdElkIjoie1wiY29tcElkXCI6e1wibWFzdGVyQVwiOntcImlkXCI6Mn0sXCJzdWJJZFwiOjB9fSJ9",
          "$isComponent$" : true
        },
        "masterB" : {
          "$metadatas$" : {
            "$iAmPlayerMetadatas$" : true,
            "$id$" : 5,
            "$signature$" : "manager01.eyJjbGF6ek5hbWUiOiJvcmcuanNvbnBsYXliYWNrLnBsYXllci5oaWJlcm5hdGUuZW50aXRpZXMuTWFzdGVyQkVudCIsInN0cmluZ2lmaWVkT2JqZWN0SWQiOiJ7XCJjb21wSWRcIjp7XCJpZEFcIjoyLFwiaWRCXCI6Mn19In0",
            "$isLazyUninitialized$" : true,
            "$isAssociative$" : true,
            "$playerObjectId$" : {
              "$metadatas$" : {
                "$iAmPlayerMetadatas$" : true,
                "$id$" : 6,
                "$isComponent$" : true,
                "$isComponentPlayerObjectId$" : true
              },
              "idA" : 2,
              "idB" : 2
            }
          }
        },
        "detailACompComp" : {
          "$metadatas$" : {
            "$iAmPlayerMetadatas$" : true,
            "$id$" : 7,
            "$signature$" : "manager01.eyJjbGF6ek5hbWUiOiJvcmcuanNvbnBsYXliYWNrLnBsYXllci5oaWJlcm5hdGUuZW50aXRpZXMuRGV0YWlsQUVudCIsImlzQ29tcCI6dHJ1ZSwicHJvcGVydHlOYW1lIjoiZGV0YWlsQUNvbXAuZGV0YWlsQUNvbXBDb21wIiwic3RyaW5naWZpZWRPYmplY3RJZCI6IntcImNvbXBJZFwiOntcIm1hc3RlckFcIjp7XCJpZFwiOjJ9LFwic3ViSWRcIjowfX0ifQ",
            "$isComponent$" : true
          },
          "masterB" : {
            "$metadatas$" : {
              "$iAmPlayerMetadatas$" : true,
              "$idRef$" : 5
            }
          }
        },
        "vcharA" : "DetailAEnt_REG02_REG01_VcharA",
        "vcharB" : "DetailAEnt_REG02_REG01_VcharB",
        "blobA" : "RGV0YWlsQUVudF9SRUcwMl9CbG9iQQ==",
        "blobB" : "RGV0YWlsQUVudF9SRUcwMl9CbG9iQg=="
      }
    }
  },
  "manager01.eyJjbGF6ek5hbWUiOiJvcmcuanNvbnBsYXliYWNrLnBsYXllci5oaWJlcm5hdGUuZW50aXRpZXMuRGV0YWlsQUVudCIsInN0cmluZ2lmaWVkT2JqZWN0SWQiOiJ7XCJjb21wSWRcIjp7XCJtYXN0ZXJBXCI6e1wiaWRcIjoyfSxcInN1YklkXCI6MX19In0" : {
    "wrappedSnapshot" : {
      "$metadatas$" : {
        "$iAmPlayerMetadatas$" : true,
        "$id$" : 1,
        "$signature$" : "manager01.eyJjbGF6ek5hbWUiOiJvcmcuanNvbnBsYXliYWNrLnBsYXllci5oaWJlcm5hdGUuZW50aXRpZXMuRGV0YWlsQUVudCIsInN0cmluZ2lmaWVkT2JqZWN0SWQiOiJ7XCJjb21wSWRcIjp7XCJtYXN0ZXJBXCI6e1wiaWRcIjoyfSxcInN1YklkXCI6MX19In0",
        "$playerObjectId$" : {
          "$metadatas$" : {
            "$iAmPlayerMetadatas$" : true,
            "$id$" : 2,
            "$isComponent$" : true,
            "$isComponentPlayerObjectId$" : true
          },
          "masterA" : {
            "$metadatas$" : {
              "$iAmPlayerMetadatas$" : true,
              "$id$" : 3,
              "$signature$" : "manager01.eyJjbGF6ek5hbWUiOiJvcmcuanNvbnBsYXliYWNrLnBsYXllci5oaWJlcm5hdGUuZW50aXRpZXMuTWFzdGVyQUVudCIsInN0cmluZ2lmaWVkT2JqZWN0SWQiOiJ7XCJpZFwiOjJ9In0",
              "$isLazyUninitialized$" : true,
              "$isAssociative$" : true,
              "$playerObjectId$" : 2
            }
          },
          "subId" : 1
        }
      },
      "compId" : {
        "$metadatas$" : {
          "$iAmPlayerMetadatas$" : true,
          "$idRef$" : 2
        }
      },
      "hbVersion" : 1,
      "detailAComp" : {
        "$metadatas$" : {
          "$iAmPlayerMetadatas$" : true,
          "$id$" : 4,
          "$signature$" : "manager01.eyJjbGF6ek5hbWUiOiJvcmcuanNvbnBsYXliYWNrLnBsYXllci5oaWJlcm5hdGUuZW50aXRpZXMuRGV0YWlsQUVudCIsImlzQ29tcCI6dHJ1ZSwicHJvcGVydHlOYW1lIjoiZGV0YWlsQUNvbXAiLCJzdHJpbmdpZmllZE9iamVjdElkIjoie1wiY29tcElkXCI6e1wibWFzdGVyQVwiOntcImlkXCI6Mn0sXCJzdWJJZFwiOjF9fSJ9",
          "$isComponent$" : true
        },
        "masterB" : {
          "$metadatas$" : {
            "$iAmPlayerMetadatas$" : true,
            "$id$" : 5,
            "$signature$" : "manager01.eyJjbGF6ek5hbWUiOiJvcmcuanNvbnBsYXliYWNrLnBsYXllci5oaWJlcm5hdGUuZW50aXRpZXMuTWFzdGVyQkVudCIsInN0cmluZ2lmaWVkT2JqZWN0SWQiOiJ7XCJjb21wSWRcIjp7XCJpZEFcIjoyLFwiaWRCXCI6Mn19In0",
            "$isLazyUninitialized$" : true,
            "$isAssociative$" : true,
            "$playerObjectId$" : {
              "$metadatas$" : {
                "$iAmPlayerMetadatas$" : true,
                "$id$" : 6,
                "$isComponent$" : true,
                "$isComponentPlayerObjectId$" : true
              },
              "idA" : 2,
              "idB" : 2
            }
          }
        },
        "detailACompComp" : {
          "$metadatas$" : {
            "$iAmPlayerMetadatas$" : true,
            "$id$" : 7,
            "$signature$" : "manager01.eyJjbGF6ek5hbWUiOiJvcmcuanNvbnBsYXliYWNrLnBsYXllci5oaWJlcm5hdGUuZW50aXRpZXMuRGV0YWlsQUVudCIsImlzQ29tcCI6dHJ1ZSwicHJvcGVydHlOYW1lIjoiZGV0YWlsQUNvbXAuZGV0YWlsQUNvbXBDb21wIiwic3RyaW5naWZpZWRPYmplY3RJZCI6IntcImNvbXBJZFwiOntcIm1hc3RlckFcIjp7XCJpZFwiOjJ9LFwic3ViSWRcIjoxfX0ifQ",
            "$isComponent$" : true
          },
          "masterB" : {
            "$metadatas$" : {
              "$iAmPlayerMetadatas$" : true,
              "$idRef$" : 5
            }
          }
        },
        "vcharA" : "DetailAEnt_REG05_REG01_VcharA",
        "vcharB" : "DetailAEnt_REG05_REG01_VcharB",
        "blobA" : "RGV0YWlsQUVudF9SRUcwNV9CbG9iQQ==",
        "blobB" : "RGV0YWlsQUVudF9SRUcwNV9CbG9iQg=="
      }
    }
  },
  "manager01.eyJjbGF6ek5hbWUiOiJvcmcuanNvbnBsYXliYWNrLnBsYXllci5oaWJlcm5hdGUuZW50aXRpZXMuRGV0YWlsQUVudCIsInN0cmluZ2lmaWVkT2JqZWN0SWQiOiJ7XCJjb21wSWRcIjp7XCJtYXN0ZXJBXCI6e1wiaWRcIjoyfSxcInN1YklkXCI6Mn19In0" : {
    "wrappedSnapshot" : {
      "$metadatas$" : {
        "$iAmPlayerMetadatas$" : true,
        "$id$" : 1,
        "$signature$" : "manager01.eyJjbGF6ek5hbWUiOiJvcmcuanNvbnBsYXliYWNrLnBsYXllci5oaWJlcm5hdGUuZW50aXRpZXMuRGV0YWlsQUVudCIsInN0cmluZ2lmaWVkT2JqZWN0SWQiOiJ7XCJjb21wSWRcIjp7XCJtYXN0ZXJBXCI6e1wiaWRcIjoyfSxcInN1YklkXCI6Mn19In0",
        "$playerObjectId$" : {
          "$metadatas$" : {
            "$iAmPlayerMetadatas$" : true,
            "$id$" : 2,
            "$isComponent$" : true,
            "$isComponentPlayerObjectId$" : true
          },
          "masterA" : {
            "$metadatas$" : {
              "$iAmPlayerMetadatas$" : true,
              "$id$" : 3,
              "$signature$" : "manager01.eyJjbGF6ek5hbWUiOiJvcmcuanNvbnBsYXliYWNrLnBsYXllci5oaWJlcm5hdGUuZW50aXRpZXMuTWFzdGVyQUVudCIsInN0cmluZ2lmaWVkT2JqZWN0SWQiOiJ7XCJpZFwiOjJ9In0",
              "$isLazyUninitialized$" : true,
              "$isAssociative$" : true,
              "$playerObjectId$" : 2
            }
          },
          "subId" : 2
        }
      },
      "compId" : {
        "$metadatas$" : {
          "$iAmPlayerMetadatas$" : true,
          "$idRef$" : 2
        }
      },
      "hbVersion" : 1,
      "detailAComp" : {
        "$metadatas$" : {
          "$iAmPlayerMetadatas$" : true,
          "$id$" : 4,
          "$signature$" : "manager01.eyJjbGF6ek5hbWUiOiJvcmcuanNvbnBsYXliYWNrLnBsYXllci5oaWJlcm5hdGUuZW50aXRpZXMuRGV0YWlsQUVudCIsImlzQ29tcCI6dHJ1ZSwicHJvcGVydHlOYW1lIjoiZGV0YWlsQUNvbXAiLCJzdHJpbmdpZmllZE9iamVjdElkIjoie1wiY29tcElkXCI6e1wibWFzdGVyQVwiOntcImlkXCI6Mn0sXCJzdWJJZFwiOjJ9fSJ9",
          "$isComponent$" : true
        },
        "masterB" : {
          "$metadatas$" : {
            "$iAmPlayerMetadatas$" : true,
            "$id$" : 5,
            "$signature$" : "manager01.eyJjbGF6ek5hbWUiOiJvcmcuanNvbnBsYXliYWNrLnBsYXllci5oaWJlcm5hdGUuZW50aXRpZXMuTWFzdGVyQkVudCIsInN0cmluZ2lmaWVkT2JqZWN0SWQiOiJ7XCJjb21wSWRcIjp7XCJpZEFcIjoyLFwiaWRCXCI6Mn19In0",
            "$isLazyUninitialized$" : true,
            "$isAssociative$" : true,
            "$playerObjectId$" : {
              "$metadatas$" : {
                "$iAmPlayerMetadatas$" : true,
                "$id$" : 6,
                "$isComponent$" : true,
                "$isComponentPlayerObjectId$" : true
              },
              "idA" : 2,
              "idB" : 2
            }
          }
        },
        "detailACompComp" : {
          "$metadatas$" : {
            "$iAmPlayerMetadatas$" : true,
            "$id$" : 7,
            "$signature$" : "manager01.eyJjbGF6ek5hbWUiOiJvcmcuanNvbnBsYXliYWNrLnBsYXllci5oaWJlcm5hdGUuZW50aXRpZXMuRGV0YWlsQUVudCIsImlzQ29tcCI6dHJ1ZSwicHJvcGVydHlOYW1lIjoiZGV0YWlsQUNvbXAuZGV0YWlsQUNvbXBDb21wIiwic3RyaW5naWZpZWRPYmplY3RJZCI6IntcImNvbXBJZFwiOntcIm1hc3RlckFcIjp7XCJpZFwiOjJ9LFwic3ViSWRcIjoyfX0ifQ",
            "$isComponent$" : true
          },
          "masterB" : {
            "$metadatas$" : {
              "$iAmPlayerMetadatas$" : true,
              "$idRef$" : 5
            }
          }
        },
        "vcharA" : "DetailAEnt_REG08_REG01_VcharA",
        "vcharB" : "DetailAEnt_REG08_REG01_VcharB",
        "blobA" : "RGV0YWlsQUVudF9SRUcwOF9CbG9iQQ==",
        "blobB" : "RGV0YWlsQUVudF9SRUcwOF9CbG9iQg=="
      }
    }
  }
}