{
  "wrappedSnapshot" : [ {
    "$metadatas$" : {
      "$iAmPlayerMetadatas$" : true,
      "$id$" : 1,
      "$isComponent$" : true,
      "$isComponentPlayerObjectId$" : true
    },
    "masterA" : {
      "$metadatas$" : {
        "$iAmPlayerMetadatas$" : true,
        "$id$" : 2,
        "$signature$" : "manager01.eyJjbGF6ek5hbWUiOiJvcmcuanNvbnBsYXliYWNrLnBsYXllci5oaWJlcm5hdGUuZW50aXRpZXMuTWFzdGVyQUVudCIsInN0cmluZ2lmaWVkT2JqZWN0SWQiOiJ7XCJpZFwiOjB9In0",
        "$isLazyUninitialized$" : true,
        "$isAssociative$" : true,
        "$playerObjectId$" : 0
      }
    },
    "subId" : 0
  }, {
    "$metadatas$" : {
      "$iAmPlayerMetadatas$" : true,
      "$id$" : 3,
      "$isComponent$" : true,
      "$isComponentPlayerObjectId$" : true
    },
    "masterA" : {
      "$metadatas$" : {
        "$iAmPlayerMetadatas$" : true,
        "$idRef$" : 2
      }
    },
    "subId" : 1
  }, {
    "$metadatas$" : {
      "$iAmPlayerMetadatas$" : true,
      "$id$" : 4,
      "$isComponent$" : true,
      "$isComponentPlayerObjectId$" : true
    },
    "masterA" : {
      "$metadatas$" : {
        "$iAmPlayerMetadatas$" : true,
        "$idRef$" : 2
      }
    },
    "subId" : 2
  }, {
    "$metadatas$" : {
      "$iAmPlayerMetadatas$" : true,
      "$id$" : 5,
      "$isComponent$" : true,
      "$isComponentPlayerObjectId$" : true
    },
    "masterA" : {
      "$metadatas$" : {
        "$iAmPlayerMetadatas$" : true,
        "$idRef$" : 2
      }
    },
    "subId" : 3
  }, {
    "$metadatas$" : {
      "$iAmPlayerMetadatas$" : true,
      "$id$" : 6,
      "$isComponent$" : true,
      "$isComponentPlayerObjectId$" : true
    },
    "masterA" : {
      "$metadatas$" : {
        "$iAmPlayerMetadatas$" : true,
        "$id$" : 7,
        "$signature$" : "manager01.eyJjbGF6ek5hbWUiOiJvcmcuanNvbnBsYXliYWNrLnBsYXllci5oaWJlcm5hdGUuZW50aXRpZXMuTWFzdGVyQUVudCIsInN0cmluZ2lmaWVkT2JqZWN0SWQiOiJ7XCJpZFwiOjF9In0",
        "$isLazyUninitialized$" : true,
        "$isAssociative$" : true,
        "$playerObjectId$" : 1
      }
    },
    "subId" : 0
  }, {
    "$metadatas$" : {
      "$iAmPlayerMetadatas$" : true,
      "$id$" : 8,
      "$isComponent$" : true,
      "$isComponentPlayerObjectId$" : true
    },
    "masterA" : {
      "$metadatas$" : {
        "$iAmPlayerMetadatas$" : true,
        "$idRef$" : 7
      }
    },
    "subId" : 1
  }, {
    "$metadatas$" : {
      "$iAmPlayerMetadatas$" : true,
      "$id$" : 9,
      "$isComponent$" : true,
      "$isComponentPlayerObjectId$" : true
    },
    "masterA" : {
      "$metadatas$" : {
        "$iAmPlayerMetadatas$" : true,
        "$idRef$" : 7
      }
    },
    "subId" : 2
  }, {
    "$metadatas$" : {
      "$iAmPlayerMetadatas$" : true,
      "$id$" : 10,
      "$isComponent$" : true,
      "$isComponentPlayerObjectId$" : true
    },
    "masterA" : {
      "$metadatas$" : {
        "$iAmPlayerMetadatas$" : true,
        "$id$" : 11,
        "$signature$" : "manager01.eyJjbGF6ek5hbWUiOiJvcmcuanNvbnBsYXliYWNrLnBsYXllci5oaWJlcm5hdGUuZW50aXRpZXMuTWFzdGVyQUVudCIsInN0cmluZ2lmaWVkT2JqZWN0SWQiOiJ7XCJpZFwiOjJ9In0",
        "$isLazyUninitialized$" : true,
        "$isAssociative$" : true,
        "$playerObjectId$" : 2
      }
    },
    "subId" : 0
  }, {
    "$metadatas$" : {
      "$iAmPlayerMetadatas$" : true,
      "$id$" : 12,
      "$isComponent$" : true,
      "$isComponentPlayerObjectId$" : true
    },
    "masterA" : {
      "$metadatas$" : {
        "$iAmPlayerMetadatas$" : true,
        "$idRef$" : 11
      }
    },
    "subId" : 1
  }, {
    "$metadatas$" : {
      "$iAmPlayerMetadatas$" : true,
      "$id$" : 13,
      "$isComponent$" : true,
      "$isComponentPlayerObjectId$" : true
    },
    "masterA" : {
      "$metadatas$" : {
        "$iAmPlayerMetadatas$" : true,
        "$idRef$" : 11
      }
    },
    "subId" : 2
  } ]
}